Archive member included to satisfy reference by file (symbol)

../GUI/Lib\libSTemWin.a(TEXT.o)
                              ./Core/Src/PersonalEntryDLG.o (TEXT_CreateIndirect)
../GUI/Lib\libSTemWin.a(FRAMEWIN.o)
                              ./Core/Src/PersonalEntryDLG.o (FRAMEWIN_CreateIndirect)
../GUI/Lib\libSTemWin.a(DIALOG.o)
                              ./Core/Src/PersonalEntryDLG.o (GUI_CreateDialogBox)
../GUI/Lib\libSTemWin.a(WM__Private.o)
                              ../GUI/Lib\libSTemWin.a(FRAMEWIN.o) (WM__IsAncestor)
../GUI/Lib\libSTemWin.a(WM_UserData.o)
                              ../GUI/Lib\libSTemWin.a(TEXT.o) (WM__GetUserDataEx)
../GUI/Lib\libSTemWin.a(WM_SetTrans.o)
                              ../GUI/Lib\libSTemWin.a(TEXT.o) (WM_SetHasTrans)
../GUI/Lib\libSTemWin.a(WM_SetFocusOnPrevChild.o)
                              ../GUI/Lib\libSTemWin.a(FRAMEWIN.o) (WM_SetFocusOnPrevChild)
../GUI/Lib\libSTemWin.a(WM_SetFocusOnNextChild.o)
                              ../GUI/Lib\libSTemWin.a(FRAMEWIN.o) (WM_SetFocusOnNextChild)
../GUI/Lib\libSTemWin.a(WM_SetCaptureMove.o)
                              ../GUI/Lib\libSTemWin.a(FRAMEWIN.o) (WM_SetCaptureMove)
../GUI/Lib\libSTemWin.a(WM_SetCapture.o)
                              ../GUI/Lib\libSTemWin.a(WM_SetCaptureMove.o) (WM_SetCapture)
../GUI/Lib\libSTemWin.a(WM_Move.o)
                              ../GUI/Lib\libSTemWin.a(FRAMEWIN.o) (WM_MoveWindow)
../GUI/Lib\libSTemWin.a(WM_MemDev.o)
                              ../GUI/Lib\libSTemWin.a(FRAMEWIN.o) (WM_DisableMemdev)
../GUI/Lib\libSTemWin.a(WM_Lib.o)
                              ../GUI/Lib\libSTemWin.a(TEXT.o) (WM_GetClientRectEx)
../GUI/Lib\libSTemWin.a(WM_Hide.o)
                              ../GUI/Lib\libSTemWin.a(FRAMEWIN.o) (WM_HideWindow)
../GUI/Lib\libSTemWin.a(WM_GetWindowSize.o)
                              ../GUI/Lib\libSTemWin.a(FRAMEWIN.o) (WM__GetWindowSizeX)
../GUI/Lib\libSTemWin.a(WM_BringToTop.o)
                              ../GUI/Lib\libSTemWin.a(FRAMEWIN.o) (WM_BringToTop)
../GUI/Lib\libSTemWin.a(WM.o)
                              ../GUI/Lib\libSTemWin.a(WM__Private.o) (WM__ahWinFocus)
../GUI/Lib\libSTemWin.a(GUIDEV_StaticDevices.o)
                              ../GUI/Lib\libSTemWin.a(WM.o) (GUI_MEMDEV_Paint1Static)
../GUI/Lib\libSTemWin.a(GUIDEV_SetOrg.o)
                              ../GUI/Lib\libSTemWin.a(GUIDEV_StaticDevices.o) (GUI_MEMDEV_SetOrg)
../GUI/Lib\libSTemWin.a(GUIDEV_GetYSize.o)
                              ../GUI/Lib\libSTemWin.a(GUIDEV_StaticDevices.o) (GUI_MEMDEV_GetYSize)
../GUI/Lib\libSTemWin.a(GUIDEV_GetXSize.o)
                              ../GUI/Lib\libSTemWin.a(GUIDEV_StaticDevices.o) (GUI_MEMDEV_GetXSize)
../GUI/Lib\libSTemWin.a(GUIDEV_GetPos.o)
                              ../GUI/Lib\libSTemWin.a(GUIDEV_StaticDevices.o) (GUI_MEMDEV_GetXPos)
../GUI/Lib\libSTemWin.a(GUIDEV_GetDataPtr.o)
                              ../GUI/Lib\libSTemWin.a(GUIDEV_StaticDevices.o) (GUI_MEMDEV_GetDataPtr)
../GUI/Lib\libSTemWin.a(GUIDEV_CreateFixed.o)
                              ../GUI/Lib\libSTemWin.a(GUIDEV_StaticDevices.o) (GUI_MEMDEV_CreateFixed)
../GUI/Lib\libSTemWin.a(GUIDEV_Banding.o)
                              ../GUI/Lib\libSTemWin.a(WM.o) (GUI_MEMDEV_Draw)
../GUI/Lib\libSTemWin.a(GUIDEV_32.o)
                              ../GUI/Lib\libSTemWin.a(GUIDEV_StaticDevices.o) (GUI_MEMDEV_DEVICE_32)
../GUI/Lib\libSTemWin.a(GUIDEV.o)
                              ../GUI/Lib\libSTemWin.a(GUIDEV_StaticDevices.o) (GUI_MEMDEV__CreateFixed)
../GUI/Lib\libSTemWin.a(F6x8.o)
                              ./Core/Src/GUIConf.o (GUI_Font6x8)
../GUI/Lib\libSTemWin.a(F13_1.o)
                              ../GUI/Lib\libSTemWin.a(TEXT.o) (GUI_Font13_1)
../GUI/Lib\libSTemWin.a(GUIDRV_FlexColor_Func66709.o)
                              ./Core/Src/LCDConf_FlexColor.o (GUIDRV_FlexColor_SetFunc66709)
../GUI/Lib\libSTemWin.a(GUIDRV_FlexColor_16bpp_C0B8.o)
                              ./Core/Src/LCDConf_FlexColor.o (GUIDRV_FlexColor_SetMode16bppC0B8)
../GUI/Lib\libSTemWin.a(GUIDRV_FlexColor.o)
                              ../GUI/Lib\libSTemWin.a(GUIDRV_FlexColor_16bpp_C0B8.o) (GUIDRV_FlexColor__SetPixelIndexNoCache)
../GUI/Lib\libSTemWin.a(LCD_UpdateColorIndices.o)
                              ../GUI/Lib\libSTemWin.a(GUIDEV.o) (LCD_UpdateColorIndices)
../GUI/Lib\libSTemWin.a(LCD_SetClipRectEx.o)
                              ../GUI/Lib\libSTemWin.a(WM.o) (LCD_SetClipRectEx)
../GUI/Lib\libSTemWin.a(LCD_Set.o)
                              ./Core/Src/LCDConf_FlexColor.o (LCD_SetVSizeEx)
../GUI/Lib\libSTemWin.a(LCD_Mirror.o)
                              ../GUI/Lib\libSTemWin.a(GUIDEV_32.o) (LCD_aMirror)
../GUI/Lib\libSTemWin.a(LCD_GetEx.o)
                              ../GUI/Lib\libSTemWin.a(GUIDEV_Banding.o) (LCD_GetXSizeEx)
../GUI/Lib\libSTemWin.a(LCD.o)
                              ../GUI/Lib\libSTemWin.a(WM.o) (LCD_SetClipRectMax)
[...]
Memory Configuration

Name             Origin             Length             Attributes
CCMRAM           0x0000000010000000 0x0000000000010000 xrw
RAM              0x0000000020000000 0x0000000000020000 xrw
FLASH            0x0000000008000000 0x0000000000100000 xr
*default*        0x0000000000000000 0xffffffffffffffff

Linker script and memory map

LOAD c:/st/stm32cubeide_1.8.0/stm32cubeide/plugins/com.st.stm32cube.ide.mcu.externaltools.gnu-tools-for-stm32.9-2020-q2-update.win32_2.0.0.202105311346/tools/bin/../lib/gcc/arm-none-eabi/9.3.1/thumb/v7e-m+fp/hard/crti.o
LOAD c:/st/stm32cubeide_1.8.0/stm32cubeide/plugins/com.st.stm32cube.ide.mcu.externaltools.gnu-tools-for-stm32.9-2020-q2-update.win32_2.0.0.202105311346/tools/bin/../lib/gcc/arm-none-eabi/9.3.1/thumb/v7e-m+fp/hard/crtbegin.o
LOAD c:/st/stm32cubeide_1.8.0/stm32cubeide/plugins/com.st.stm32cube.ide.mcu.externaltools.gnu-tools-for-stm32.9-2020-q2-update.win32_2.0.0.202105311346/tools/bin/../lib/gcc/arm-none-eabi/9.3.1/../../../../arm-none-eabi/lib/thumb/v7e-m+fp/hard/crt0.o
LOAD ./Core/Src/GUIConf.o
LOAD ./Core/Src/GUI_X.o
LOAD ./Core/Src/LCDConf_FlexColor.o
LOAD ./Core/Src/PersonalEntryDLG.o
LOAD ./Core/Src/fatfs_sd.o
LOAD ./Core/Src/main.o
LOAD ./Core/Src/rc522.o
LOAD ./Core/Src/stm32f4xx_hal_msp.o
LOAD ./Core/Src/stm32f4xx_it.o
LOAD ./Core/Src/syscalls.o
LOAD ./Core/Src/sysmem.o
LOAD ./Core/Src/system_stm32f4xx.o
LOAD ./Core/Startup/startup_stm32f407vgtx.o
LOAD ./Drivers/STM32F4xx_HAL_Driver/Src/stm32f4xx_hal.o
LOAD ./Drivers/STM32F4xx_HAL_Driver/Src/stm32f4xx_hal_cortex.o
LOAD ./Drivers/STM32F4xx_HAL_Driver/Src/stm32f4xx_hal_crc.o
LOAD ./Drivers/STM32F4xx_HAL_Driver/Src/stm32f4xx_hal_dma.o
LOAD ./Drivers/STM32F4xx_HAL_Driver/Src/stm32f4xx_hal_dma_ex.o
LOAD ./Drivers/STM32F4xx_HAL_Driver/Src/stm32f4xx_hal_exti.o
LOAD ./Drivers/STM32F4xx_HAL_Driver/Src/stm32f4xx_hal_flash.o
LOAD ./Drivers/STM32F4xx_HAL_Driver/Src/stm32f4xx_hal_flash_ex.o
LOAD ./Drivers/STM32F4xx_HAL_Driver/Src/stm32f4xx_hal_flash_ramfunc.o
LOAD ./Drivers/STM32F4xx_HAL_Driver/Src/stm32f4xx_hal_gpio.o
LOAD ./Drivers/STM32F4xx_HAL_Driver/Src/stm32f4xx_hal_pwr.o
LOAD ./Drivers/STM32F4xx_HAL_Driver/Src/stm32f4xx_hal_pwr_ex.o
LOAD ./Drivers/STM32F4xx_HAL_Driver/Src/stm32f4xx_hal_rcc.o
LOAD ./Drivers/STM32F4xx_HAL_Driver/Src/stm32f4xx_hal_rcc_ex.o
LOAD ./Drivers/STM32F4xx_HAL_Driver/Src/stm32f4xx_hal_spi.o
LOAD ./Drivers/STM32F4xx_HAL_Driver/Src/stm32f4xx_hal_tim.o
LOAD ./Drivers/STM32F4xx_HAL_Driver/Src/stm32f4xx_hal_tim_ex.o
LOAD ./FATFS/App/fatfs.o
LOAD ./FATFS/Target/user_diskio.o
LOAD ./Middlewares/Third_Party/FatFs/src/diskio.o
LOAD ./Middlewares/Third_Party/FatFs/src/ff.o
LOAD ./Middlewares/Third_Party/FatFs/src/ff_gen_drv.o
LOAD ./Middlewares/Third_Party/FatFs/src/option/syscall.o
LOAD ../GUI/Lib\libSTemWin.a
START GROUP
LOAD c:/st/stm32cubeide_1.8.0/stm32cubeide/plugins/com.st.stm32cube.ide.mcu.externaltools.gnu-tools-for-stm32.9-2020-q2-update.win32_2.0.0.202105311346/tools/bin/../lib/gcc/arm-none-eabi/9.3.1/../../../../arm-none-eabi/lib/thumb/v7e-m+fp/hard\libc_nano.a
LOAD c:/st/stm32cubeide_1.8.0/stm32cubeide/plugins/com.st.stm32cube.ide.mcu.externaltools.gnu-tools-for-stm32.9-2020-q2-update.win32_2.0.0.202105311346/tools/bin/../lib/gcc/arm-none-eabi/9.3.1/../../../../arm-none-eabi/lib/thumb/v7e-m+fp/hard\libm.a
END GROUP
START GROUP
LOAD c:/st/stm32cubeide_1.8.0/stm32cubeide/plugins/com.st.stm32cube.ide.mcu.externaltools.gnu-tools-for-stm32.9-2020-q2-update.win32_2.0.0.202105311346/tools/bin/../lib/gcc/arm-none-eabi/9.3.1/thumb/v7e-m+fp/hard\libgcc.a
LOAD c:/st/stm32cubeide_1.8.0/stm32cubeide/plugins/com.st.stm32cube.ide.mcu.externaltools.gnu-tools-for-stm32.9-2020-q2-update.win32_2.0.0.202105311346/tools/bin/../lib/gcc/arm-none-eabi/9.3.1/../../../../arm-none-eabi/lib/thumb/v7e-m+fp/hard\libc_nano.a
END GROUP
START GROUP
LOAD c:/st/stm32cubeide_1.8.0/stm32cubeide/plugins/com.st.stm32cube.ide.mcu.externaltools.gnu-tools-for-stm32.9-2020-q2-update.win32_2.0.0.202105311346/tools/bin/../lib/gcc/arm-none-eabi/9.3.1/thumb/v7e-m+fp/hard\libgcc.a
LOAD c:/st/stm32cubeide_1.8.0/stm32cubeide/plugins/com.st.stm32cube.ide.mcu.externaltools.gnu-tools-for-stm32.9-2020-q2-update.win32_2.0.0.202105311346/tools/bin/../lib/gcc/arm-none-eabi/9.3.1/../../../../arm-none-eabi/lib/thumb/v7e-m+fp/hard\libc_nano.a
LOAD c:/st/stm32cubeide_1.8.0/stm32cubeide/plugins/com.st.stm32cube.ide.mcu.externaltools.gnu-tools-for-stm32.9-2020-q2-update.win32_2.0.0.202105311346/tools/bin/../lib/gcc/arm-none-eabi/9.3.1/../../../../arm-none-eabi/lib/thumb/v7e-m+fp/hard\libnosys.a
END GROUP
START GROUP
LOAD c:/st/stm32cubeide_1.8.0/stm32cubeide/plugins/com.st.stm32cube.ide.mcu.externaltools.gnu-tools-for-stm32.9-2020-q2-update.win32_2.0.0.202105311346/tools/bin/../lib/gcc/arm-none-eabi/9.3.1/thumb/v7e-m+fp/hard\libgcc.a
LOAD c:/st/stm32cubeide_1.8.0/stm32cubeide/plugins/com.st.stm32cube.ide.mcu.externaltools.gnu-tools-for-stm32.9-2020-q2-update.win32_2.0.0.202105311346/tools/bin/../lib/gcc/arm-none-eabi/9.3.1/../../../../arm-none-eabi/lib/thumb/v7e-m+fp/hard\libc_nano.a
LOAD c:/st/stm32cubeide_1.8.0/stm32cubeide/plugins/com.st.stm32cube.ide.mcu.externaltools.gnu-tools-for-stm32.9-2020-q2-update.win32_2.0.0.202105311346/tools/bin/../lib/gcc/arm-none-eabi/9.3.1/../../../../arm-none-eabi/lib/thumb/v7e-m+fp/hard\libnosys.a
END GROUP
LOAD c:/st/stm32cubeide_1.8.0/stm32cubeide/plugins/com.st.stm32cube.ide.mcu.externaltools.gnu-tools-for-stm32.9-2020-q2-update.win32_2.0.0.202105311346/tools/bin/../lib/gcc/arm-none-eabi/9.3.1/thumb/v7e-m+fp/hard/crtend.o
LOAD c:/st/stm32cubeide_1.8.0/stm32cubeide/plugins/com.st.stm32cube.ide.mcu.externaltools.gnu-tools-for-stm32.9-2020-q2-update.win32_2.0.0.202105311346/tools/bin/../lib/gcc/arm-none-eabi/9.3.1/thumb/v7e-m+fp/hard/crtn.o
                0x0000000020020000                _estack = (ORIGIN (RAM) + LENGTH (RAM))
                0x0000000000000200                _Min_Heap_Size = 0x200
                0x0000000000000400                _Min_Stack_Size = 0x400

.isr_vector     0x0000000008000000      0x188
                0x0000000008000000                . = ALIGN (0x4)
 *(.isr_vector)
 .isr_vector    0x0000000008000000      0x188 ./Core/Startup/startup_stm32f407vgtx.o
                0x0000000008000000                g_pfnVectors
                0x0000000008000188                . = ALIGN (0x4)

.text           0x0000000008000190    0x12388
                0x0000000008000190                . = ALIGN (0x4)
 *(.text)
 .text          0x0000000008000190       0x40 c:/st/stm32cubeide_1.8.0/stm32cubeide/plugins/com.st.stm32cube.ide.mcu.externaltools.gnu-tools-for-stm32.9-2020-q2-update.win32_2.0.0.202105311346/tools/bin/../lib/gcc/arm-none-eabi/9.3.1/thumb/v7e-m+fp/hard/crtbegin.o
 .text          0x00000000080001d0       0x10 c:/st/stm32cubeide_1.8.0/stm32cubeide/plugins/com.st.stm32cube.ide.mcu.externaltools.gnu-tools-for-stm32.9-2020-q2-update.win32_2.0.0.202105311346/tools/bin/../lib/gcc/arm-none-eabi/9.3.1/../../../../arm-none-eabi/lib/thumb/v7e-m+fp/hard\libc_nano.a(lib_a-strlen.o)
                0x00000000080001d0                strlen
 .text          0x00000000080001e0       0xa0 c:/st/stm32cubeide_1.8.0/stm32cubeide/plugins/com.st.stm32cube.ide.mcu.externaltools.gnu-tools-for-stm32.9-2020-q2-update.win32_2.0.0.202105311346/tools/bin/../lib/gcc/arm-none-eabi/9.3.1/../../../../arm-none-eabi/lib/thumb/v7e-m+fp/hard\libc_nano.a(lib_a-memchr.o)
                0x00000000080001e0                memchr
 .text          0x0000000008000280       0x30 c:/st/stm32cubeide_1.8.0/stm32cubeide/plugins/com.st.stm32cube.ide.mcu.externaltools.gnu-tools-for-stm32.9-2020-q2-update.win32_2.0.0.202105311346/tools/bin/../lib/gcc/arm-none-eabi/9.3.1/thumb/v7e-m+fp/hard\libgcc.a(_aeabi_uldivmod.o)
                0x0000000008000280                __aeabi_uldivmod
 .text          0x00000000080002b0      0x2c4 c:/st/stm32cubeide_1.8.0/stm32cubeide/plugins/com.st.stm32cube.ide.mcu.externaltools.gnu-tools-for-stm32.9-2020-q2-update.win32_2.0.0.202105311346/tools/bin/../lib/gcc/arm-none-eabi/9.3.1/thumb/v7e-m+fp/hard\libgcc.a(_udivmoddi4.o)
                0x00000000080002b0                __udivmoddi4
 .text          0x0000000008000574        0x4 c:/st/stm32cubeide_1.8.0/stm32cubeide/plugins/com.st.stm32cube.ide.mcu.externaltools.gnu-tools-for-stm32.9-2020-q2-update.win32_2.0.0.202105311346/tools/bin/../lib/gcc/arm-none-eabi/9.3.1/thumb/v7e-m+fp/hard\libgcc.a(_dvmd_tls.o)
                0x0000000008000574                __aeabi_idiv0
                0x0000000008000574                __aeabi_ldiv0
 *(.text*)
 .text.GUI_X_Config
                0x0000000008000578       0x20 ./Core/Src/GUIConf.o
                0x0000000008000578                GUI_X_Config
 .text.GUI_X_Init
                0x0000000008000598        0xe ./Core/Src/GUI_X.o
                0x0000000008000598                GUI_X_Init
 *fill*         0x00000000080005a6        0x2 
 .text.LcdWriteReg
                0x00000000080005a8       0x44 ./Core/Src/LCDConf_FlexColor.o
 .text.LcdReadReg
                0x00000000080005ec       0x10 ./Core/Src/LCDConf_FlexColor.o
 .text.LcdWriteData
                0x00000000080005fc       0x44 ./Core/Src/LCDConf_FlexColor.o
 .text.LcdWriteDataMultiple
                0x0000000008000640       0x4c ./Core/Src/LCDConf_FlexColor.o
 .text.LcdReadDataMultiple
                0x000000000800068c       0x24 ./Core/Src/LCDConf_FlexColor.o
 .text.LcdInit  0x00000000080006b0      0x278 ./Core/Src/LCDConf_FlexColor.o
                0x00000000080006b0                LcdInit
 .text.LCD_X_Config
                0x0000000008000928       0xa4 ./Core/Src/LCDConf_FlexColor.o
                0x0000000008000928                LCD_X_Config
 .text.LCD_X_DisplayDriver
                0x00000000080009cc       0x2a ./Core/Src/LCDConf_FlexColor.o
                0x00000000080009cc                LCD_X_DisplayDriver
 .text._cbDialog
                0x00000000080009f6       0x18 ./Core/Src/PersonalEntryDLG.o
 *fill*         0x0000000008000a0e        0x2 
 .text.CreatePersonalEntry
                0x0000000008000a10       0x34 ./Core/Src/PersonalEntryDLG.o
                0x0000000008000a10                CreatePersonalEntry
 .text.CheckData
                0x0000000008000a44      0x164 ./Core/Src/PersonalEntryDLG.o
                0x0000000008000a44                CheckData
 .text._GetData
                0x0000000008000ba8       0x38 ./Core/Src/PersonalEntryDLG.o
 .text.RFID_Reader
                0x0000000008000be0      0x128 ./Core/Src/PersonalEntryDLG.o
                0x0000000008000be0                RFID_Reader
 .text.SELECT   0x0000000008000d08       0x20 ./Core/Src/fatfs_sd.o
 .text.DESELECT
                0x0000000008000d28       0x20 ./Core/Src/fatfs_sd.o
 .text.SPI_TxByte
                0x0000000008000d48       0x34 ./Core/Src/fatfs_sd.o
 .text.SPI_TxBuffer
                0x0000000008000d7c       0x34 ./Core/Src/fatfs_sd.o
 .text.SPI_RxByte
                0x0000000008000db0       0x38 ./Core/Src/fatfs_sd.o
 .text.SPI_RxBytePtr
                0x0000000008000de8       0x1c ./Core/Src/fatfs_sd.o
 .text.SD_ReadyWait
                0x0000000008000e04       0x34 ./Core/Src/fatfs_sd.o
 .text.SD_PowerOn
                0x0000000008000e38       0x84 ./Core/Src/fatfs_sd.o
 .text.SD_PowerOff
                0x0000000008000ebc       0x18 ./Core/Src/fatfs_sd.o
 .text.SD_CheckPower
                0x0000000008000ed4       0x18 ./Core/Src/fatfs_sd.o
 .text.SD_RxDataBlock
                0x0000000008000eec       0x5c ./Core/Src/fatfs_sd.o
 .text.SD_TxDataBlock
                0x0000000008000f48       0x86 ./Core/Src/fatfs_sd.o
 .text.SD_SendCmd
                0x0000000008000fce       0xa8 ./Core/Src/fatfs_sd.o
 *fill*         0x0000000008001076        0x2 
 .text.SD_disk_initialize
                0x0000000008001078      0x1cc ./Core/Src/fatfs_sd.o
                0x0000000008001078                SD_disk_initialize
 .text.SD_disk_status
                0x0000000008001244       0x2c ./Core/Src/fatfs_sd.o
                0x0000000008001244                SD_disk_status
 .text.SD_disk_read
                0x0000000008001270       0xd4 ./Core/Src/fatfs_sd.o
                0x0000000008001270                SD_disk_read
 .text.SD_disk_write
                0x0000000008001344      0x108 ./Core/Src/fatfs_sd.o
                0x0000000008001344                SD_disk_write
 .text.SD_disk_ioctl
                0x000000000800144c      0x258 ./Core/Src/fatfs_sd.o
                0x000000000800144c                SD_disk_ioctl
 .text.main     0x00000000080016a4       0x2e ./Core/Src/main.o
                0x00000000080016a4                main
 *fill*         0x00000000080016d2        0x2 
 .text.SystemClock_Config
                0x00000000080016d4       0xd4 ./Core/Src/main.o
                0x00000000080016d4                SystemClock_Config
 .text.MX_CRC_Init
                0x00000000080017a8       0x28 ./Core/Src/main.o
 .text.MX_SPI1_Init
                0x00000000080017d0       0x6c ./Core/Src/main.o
 .text.MX_SPI2_Init
                0x000000000800183c       0x6c ./Core/Src/main.o
 .text.MX_SPI3_Init
                0x00000000080018a8       0x6c ./Core/Src/main.o
 .text.MX_GPIO_Init
                0x0000000008001914      0x160 ./Core/Src/main.o
 .text.Error_Handler
                0x0000000008001a74        0xa ./Core/Src/main.o
                0x0000000008001a74                Error_Handler
 *fill*         0x0000000008001a7e        0x2 
 .text.RC522_SPI_Transfer
                0x0000000008001a80       0x2c ./Core/Src/rc522.o
                0x0000000008001a80                RC522_SPI_Transfer
 .text.Write_MFRC522
                0x0000000008001aac       0x4c ./Core/Src/rc522.o
                0x0000000008001aac                Write_MFRC522
 .text.Read_MFRC522
                0x0000000008001af8       0x50 ./Core/Src/rc522.o
                0x0000000008001af8                Read_MFRC522
 .text.SetBitMask
                0x0000000008001b48       0x36 ./Core/Src/rc522.o
                0x0000000008001b48                SetBitMask
 .text.ClearBitMask
                0x0000000008001b7e       0x40 ./Core/Src/rc522.o
                0x0000000008001b7e                ClearBitMask
 .text.AntennaOn
                0x0000000008001bbe       0x16 ./Core/Src/rc522.o
                0x0000000008001bbe                AntennaOn
 .text.MFRC522_Reset
                0x0000000008001bd4       0x10 ./Core/Src/rc522.o
                0x0000000008001bd4                MFRC522_Reset
 .text.MFRC522_Init
                0x0000000008001be4       0x5c ./Core/Src/rc522.o
                0x0000000008001be4                MFRC522_Init
 .text.MFRC522_ToCard
                0x0000000008001c40      0x192 ./Core/Src/rc522.o
                0x0000000008001c40                MFRC522_ToCard
 .text.MFRC522_Request
                0x0000000008001dd2       0x4a ./Core/Src/rc522.o
                0x0000000008001dd2                MFRC522_Request
 .text.MFRC522_Anticoll
                0x0000000008001e1c       0x7a ./Core/Src/rc522.o
                0x0000000008001e1c                MFRC522_Anticoll
 *fill*         0x0000000008001e96        0x2 
 .text.HAL_MspInit
                0x0000000008001e98       0x50 ./Core/Src/stm32f4xx_hal_msp.o
                0x0000000008001e98                HAL_MspInit
 .text.HAL_CRC_MspInit
                0x0000000008001ee8       0x44 ./Core/Src/stm32f4xx_hal_msp.o
                0x0000000008001ee8                HAL_CRC_MspInit
 .text.HAL_SPI_MspInit
                0x0000000008001f2c      0x16c ./Core/Src/stm32f4xx_hal_msp.o
                0x0000000008001f2c                HAL_SPI_MspInit
 .text.NMI_Handler
                0x0000000008002098        0x6 ./Core/Src/stm32f4xx_it.o
                0x0000000008002098                NMI_Handler
 .text.HardFault_Handler
                0x000000000800209e        0x6 ./Core/Src/stm32f4xx_it.o
                0x000000000800209e                HardFault_Handler
 .text.MemManage_Handler
                0x00000000080020a4        0x6 ./Core/Src/stm32f4xx_it.o
                0x00000000080020a4                MemManage_Handler
 .text.BusFault_Handler
                0x00000000080020aa        0x6 ./Core/Src/stm32f4xx_it.o
                0x00000000080020aa                BusFault_Handler
 .text.UsageFault_Handler
                0x00000000080020b0        0x6 ./Core/Src/stm32f4xx_it.o
                0x00000000080020b0                UsageFault_Handler
 .text.SVC_Handler
                0x00000000080020b6        0xe ./Core/Src/stm32f4xx_it.o
                0x00000000080020b6                SVC_Handler
 .text.DebugMon_Handler
                0x00000000080020c4        0xe ./Core/Src/stm32f4xx_it.o
                0x00000000080020c4                DebugMon_Handler
 .text.PendSV_Handler
                0x00000000080020d2        0xe ./Core/Src/stm32f4xx_it.o
                0x00000000080020d2                PendSV_Handler
 .text.SysTick_Handler
                0x00000000080020e0        0xc ./Core/Src/stm32f4xx_it.o
                0x00000000080020e0                SysTick_Handler
 .text._getpid  0x00000000080020ec       0x10 ./Core/Src/syscalls.o
                0x00000000080020ec                _getpid
 .text._kill    0x00000000080020fc       0x20 ./Core/Src/syscalls.o
                0x00000000080020fc                _kill
 .text._exit    0x000000000800211c       0x14 ./Core/Src/syscalls.o
                0x000000000800211c                _exit
 .text._read    0x0000000008002130       0x3a ./Core/Src/syscalls.o
                0x0000000008002130                _read
 .text._write   0x000000000800216a       0x38 ./Core/Src/syscalls.o
                0x000000000800216a                _write
 .text._close   0x00000000080021a2       0x18 ./Core/Src/syscalls.o
                0x00000000080021a2                _close
 .text._fstat   0x00000000080021ba       0x20 ./Core/Src/syscalls.o
                0x00000000080021ba                _fstat
 .text._isatty  0x00000000080021da       0x16 ./Core/Src/syscalls.o
                0x00000000080021da                _isatty
 .text._lseek   0x00000000080021f0       0x1a ./Core/Src/syscalls.o
                0x00000000080021f0                _lseek
 *fill*         0x000000000800220a        0x2 
 .text._sbrk    0x000000000800220c       0x6c ./Core/Src/sysmem.o
                0x000000000800220c                _sbrk
 .text.SystemInit
                0x0000000008002278       0x24 ./Core/Src/system_stm32f4xx.o
                0x0000000008002278                SystemInit
 .text.Reset_Handler
                0x000000000800229c       0x50 ./Core/Startup/startup_stm32f407vgtx.o
                0x000000000800229c                Reset_Handler
 .text.Default_Handler
                0x00000000080022ec        0x2 ./Core/Startup/startup_stm32f407vgtx.o
                0x00000000080022ec                RTC_Alarm_IRQHandler
                0x00000000080022ec                HASH_RNG_IRQHandler
                0x00000000080022ec                EXTI2_IRQHandler
                0x00000000080022ec                TIM8_CC_IRQHandler
                0x00000000080022ec                TIM1_CC_IRQHandler
                0x00000000080022ec                DMA2_Stream5_IRQHandler
                0x00000000080022ec                DMA1_Stream5_IRQHandler
                0x00000000080022ec                PVD_IRQHandler
                0x00000000080022ec                SDIO_IRQHandler
                0x00000000080022ec                TAMP_STAMP_IRQHandler
                0x00000000080022ec                CAN2_RX1_IRQHandler
                0x00000000080022ec                EXTI3_IRQHandler
                0x00000000080022ec                TIM8_TRG_COM_TIM14_IRQHandler
                0x00000000080022ec                TIM1_UP_TIM10_IRQHandler
                0x00000000080022ec                TIM8_UP_TIM13_IRQHandler
                0x00000000080022ec                I2C3_ER_IRQHandler
                0x00000000080022ec                EXTI0_IRQHandler
                0x00000000080022ec                I2C2_EV_IRQHandler
                0x00000000080022ec                DMA1_Stream2_IRQHandler
                0x00000000080022ec                CAN1_RX0_IRQHandler
                0x00000000080022ec                FPU_IRQHandler
                0x00000000080022ec                OTG_HS_WKUP_IRQHandler
                0x00000000080022ec                CAN2_SCE_IRQHandler
                0x00000000080022ec                DMA2_Stream2_IRQHandler
                0x00000000080022ec                SPI1_IRQHandler
                0x00000000080022ec                TIM6_DAC_IRQHandler
                0x00000000080022ec                TIM1_BRK_TIM9_IRQHandler
                0x00000000080022ec                DCMI_IRQHandler
                0x00000000080022ec                CAN2_RX0_IRQHandler
                0x00000000080022ec                DMA2_Stream3_IRQHandler
                0x00000000080022ec                USART6_IRQHandler
                0x00000000080022ec                USART3_IRQHandler
                0x00000000080022ec                CAN1_RX1_IRQHandler
                0x00000000080022ec                UART5_IRQHandler
                0x00000000080022ec                DMA2_Stream0_IRQHandler
                0x00000000080022ec                TIM4_IRQHandler
                0x00000000080022ec                I2C1_EV_IRQHandler
                0x00000000080022ec                DMA1_Stream6_IRQHandler
                0x00000000080022ec                DMA1_Stream1_IRQHandler
                0x00000000080022ec                UART4_IRQHandler
                0x00000000080022ec                TIM3_IRQHandler
                0x00000000080022ec                RCC_IRQHandler
                0x00000000080022ec                TIM8_BRK_TIM12_IRQHandler
                0x00000000080022ec                Default_Handler
                0x00000000080022ec                EXTI15_10_IRQHandler
                0x00000000080022ec                ADC_IRQHandler
                0x00000000080022ec                DMA1_Stream7_IRQHandler
                0x00000000080022ec                TIM7_IRQHandler
                0x00000000080022ec                CAN2_TX_IRQHandler
                0x00000000080022ec                TIM5_IRQHandler
                0x00000000080022ec                DMA2_Stream7_IRQHandler
                0x00000000080022ec                I2C3_EV_IRQHandler
                0x00000000080022ec                EXTI9_5_IRQHandler
                0x00000000080022ec                RTC_WKUP_IRQHandler
                0x00000000080022ec                ETH_WKUP_IRQHandler
                0x00000000080022ec                SPI2_IRQHandler
                0x00000000080022ec                OTG_HS_EP1_IN_IRQHandler
                0x00000000080022ec                DMA1_Stream0_IRQHandler
                0x00000000080022ec                CAN1_TX_IRQHandler
                0x00000000080022ec                EXTI4_IRQHandler
                0x00000000080022ec                FSMC_IRQHandler
                0x00000000080022ec                ETH_IRQHandler
                0x00000000080022ec                OTG_HS_EP1_OUT_IRQHandler
                0x00000000080022ec                WWDG_IRQHandler
                0x00000000080022ec                TIM2_IRQHandler
                0x00000000080022ec                OTG_FS_WKUP_IRQHandler
                0x00000000080022ec                TIM1_TRG_COM_TIM11_IRQHandler
                0x00000000080022ec                OTG_HS_IRQHandler
                0x00000000080022ec                EXTI1_IRQHandler
                0x00000000080022ec                USART2_IRQHandler
                0x00000000080022ec                I2C2_ER_IRQHandler
                0x00000000080022ec                DMA2_Stream1_IRQHandler
                0x00000000080022ec                CAN1_SCE_IRQHandler
                0x00000000080022ec                FLASH_IRQHandler
                0x00000000080022ec                DMA2_Stream4_IRQHandler
                0x00000000080022ec                USART1_IRQHandler
                0x00000000080022ec                OTG_FS_IRQHandler
                0x00000000080022ec                SPI3_IRQHandler
                0x00000000080022ec                DMA1_Stream4_IRQHandler
                0x00000000080022ec                I2C1_ER_IRQHandler
                0x00000000080022ec                DMA2_Stream6_IRQHandler
                0x00000000080022ec                DMA1_Stream3_IRQHandler
 *fill*         0x00000000080022ee        0x2 
 .text.HAL_Init
                0x00000000080022f0       0x44 ./Drivers/STM32F4xx_HAL_Driver/Src/stm32f4xx_hal.o
                0x00000000080022f0                HAL_Init
 .text.HAL_InitTick
                0x0000000008002334       0x60 ./Drivers/STM32F4xx_HAL_Driver/Src/stm32f4xx_hal.o
                0x0000000008002334                HAL_InitTick
 .text.HAL_IncTick
                0x0000000008002394       0x28 ./Drivers/STM32F4xx_HAL_Driver/Src/stm32f4xx_hal.o
                0x0000000008002394                HAL_IncTick
 .text.HAL_GetTick
                0x00000000080023bc       0x18 ./Drivers/STM32F4xx_HAL_Driver/Src/stm32f4xx_hal.o
                0x00000000080023bc                HAL_GetTick
 .text.HAL_Delay
                0x00000000080023d4       0x48 ./Drivers/STM32F4xx_HAL_Driver/Src/stm32f4xx_hal.o
                0x00000000080023d4                HAL_Delay
 .text.__NVIC_SetPriorityGrouping
                0x000000000800241c       0x48 ./Drivers/STM32F4xx_HAL_Driver/Src/stm32f4xx_hal_cortex.o
 .text.__NVIC_GetPriorityGrouping
                0x0000000008002464       0x1c ./Drivers/STM32F4xx_HAL_Driver/Src/stm32f4xx_hal_cortex.o
 .text.__NVIC_SetPriority
                0x0000000008002480       0x54 ./Drivers/STM32F4xx_HAL_Driver/Src/stm32f4xx_hal_cortex.o
 .text.NVIC_EncodePriority
                0x00000000080024d4       0x66 ./Drivers/STM32F4xx_HAL_Driver/Src/stm32f4xx_hal_cortex.o
 *fill*         0x000000000800253a        0x2 
 .text.SysTick_Config
                0x000000000800253c       0x44 ./Drivers/STM32F4xx_HAL_Driver/Src/stm32f4xx_hal_cortex.o
 .text.HAL_NVIC_SetPriorityGrouping
                0x0000000008002580       0x16 ./Drivers/STM32F4xx_HAL_Driver/Src/stm32f4xx_hal_cortex.o
                0x0000000008002580                HAL_NVIC_SetPriorityGrouping
 .text.HAL_NVIC_SetPriority
                0x0000000008002596       0x38 ./Drivers/STM32F4xx_HAL_Driver/Src/stm32f4xx_hal_cortex.o
                0x0000000008002596                HAL_NVIC_SetPriority
 .text.HAL_SYSTICK_Config
                0x00000000080025ce       0x18 ./Drivers/STM32F4xx_HAL_Driver/Src/stm32f4xx_hal_cortex.o
                0x00000000080025ce                HAL_SYSTICK_Config
 .text.HAL_CRC_Init
                0x00000000080025e6       0x38 ./Drivers/STM32F4xx_HAL_Driver/Src/stm32f4xx_hal_crc.o
                0x00000000080025e6                HAL_CRC_Init
 *fill*         0x000000000800261e        0x2 
 .text.HAL_GPIO_Init
                0x0000000008002620      0x338 ./Drivers/STM32F4xx_HAL_Driver/Src/stm32f4xx_hal_gpio.o
                0x0000000008002620                HAL_GPIO_Init
 .text.HAL_GPIO_WritePin
                0x0000000008002958       0x32 ./Drivers/STM32F4xx_HAL_Driver/Src/stm32f4xx_hal_gpio.o
                0x0000000008002958                HAL_GPIO_WritePin
 *fill*         0x000000000800298a        0x2 
 .text.HAL_RCC_OscConfig
                0x000000000800298c      0x4f0 ./Drivers/STM32F4xx_HAL_Driver/Src/stm32f4xx_hal_rcc.o
                0x000000000800298c                HAL_RCC_OscConfig
 .text.HAL_RCC_ClockConfig
                0x0000000008002e7c      0x1cc ./Drivers/STM32F4xx_HAL_Driver/Src/stm32f4xx_hal_rcc.o
                0x0000000008002e7c                HAL_RCC_ClockConfig
 .text.HAL_RCC_GetSysClockFreq
                0x0000000008003048      0x1c4 ./Drivers/STM32F4xx_HAL_Driver/Src/stm32f4xx_hal_rcc.o
                0x0000000008003048                HAL_RCC_GetSysClockFreq
 .text.HAL_SPI_Init
                0x000000000800320c      0x112 ./Drivers/STM32F4xx_HAL_Driver/Src/stm32f4xx_hal_spi.o
                0x000000000800320c                HAL_SPI_Init
 .text.HAL_SPI_Transmit
                0x000000000800331e      0x278 ./Drivers/STM32F4xx_HAL_Driver/Src/stm32f4xx_hal_spi.o
                0x000000000800331e                HAL_SPI_Transmit
 .text.HAL_SPI_TransmitReceive
                0x0000000008003596      0x344 ./Drivers/STM32F4xx_HAL_Driver/Src/stm32f4xx_hal_spi.o
                0x0000000008003596                HAL_SPI_TransmitReceive
 *fill*         0x00000000080038da        0x2 
 .text.SPI_WaitFlagStateUntilTimeout
                0x00000000080038dc      0x110 ./Drivers/STM32F4xx_HAL_Driver/Src/stm32f4xx_hal_spi.o
 .text.SPI_EndRxTxTransaction
                0x00000000080039ec       0x84 ./Drivers/STM32F4xx_HAL_Driver/Src/stm32f4xx_hal_spi.o
 .text.MX_FATFS_Init
                0x0000000008003a70       0x24 ./FATFS/App/fatfs.o
                0x0000000008003a70                MX_FATFS_Init
 .text.get_fattime
                0x0000000008003a94       0x10 ./FATFS/App/fatfs.o
                0x0000000008003a94                get_fattime
 .text.USER_initialize
                0x0000000008003aa4       0x1c ./FATFS/Target/user_diskio.o
                0x0000000008003aa4                USER_initialize
 .text.USER_status
                0x0000000008003ac0       0x1c ./FATFS/Target/user_diskio.o
                0x0000000008003ac0                USER_status
 .text.USER_read
                0x0000000008003adc       0x26 ./FATFS/Target/user_diskio.o
                0x0000000008003adc                USER_read
 .text.USER_write
                0x0000000008003b02       0x26 ./FATFS/Target/user_diskio.o
                0x0000000008003b02                USER_write
 .text.USER_ioctl
                0x0000000008003b28       0x26 ./FATFS/Target/user_diskio.o
                0x0000000008003b28                USER_ioctl
 *fill*         0x0000000008003b4e        0x2 
 .text.disk_status
                0x0000000008003b50       0x34 ./Middlewares/Third_Party/FatFs/src/diskio.o
                0x0000000008003b50                disk_status
 .text.disk_initialize
                0x0000000008003b84       0x4c ./Middlewares/Third_Party/FatFs/src/diskio.o
                0x0000000008003b84                disk_initialize
 .text.disk_read
                0x0000000008003bd0       0x40 ./Middlewares/Third_Party/FatFs/src/diskio.o
                0x0000000008003bd0                disk_read
 .text.disk_write
                0x0000000008003c10       0x40 ./Middlewares/Third_Party/FatFs/src/diskio.o
                0x0000000008003c10                disk_write
 .text.disk_ioctl
                0x0000000008003c50       0x3c ./Middlewares/Third_Party/FatFs/src/diskio.o
                0x0000000008003c50                disk_ioctl
 .text.ld_word  0x0000000008003c8c       0x30 ./Middlewares/Third_Party/FatFs/src/ff.o
 .text.ld_dword
                0x0000000008003cbc       0x46 ./Middlewares/Third_Party/FatFs/src/ff.o
 .text.st_word  0x0000000008003d02       0x36 ./Middlewares/Third_Party/FatFs/src/ff.o
 .text.st_dword
                0x0000000008003d38       0x58 ./Middlewares/Third_Party/FatFs/src/ff.o
 .text.mem_cpy  0x0000000008003d90       0x42 ./Middlewares/Third_Party/FatFs/src/ff.o
 .text.mem_set  0x0000000008003dd2       0x36 ./Middlewares/Third_Party/FatFs/src/ff.o
 .text.mem_cmp  0x0000000008003e08       0x4e ./Middlewares/Third_Party/FatFs/src/ff.o
 .text.chk_chr  0x0000000008003e56       0x36 ./Middlewares/Third_Party/FatFs/src/ff.o
 .text.chk_lock
                0x0000000008003e8c       0xb8 ./Middlewares/Third_Party/FatFs/src/ff.o
 .text.enq_lock
                0x0000000008003f44       0x44 ./Middlewares/Third_Party/FatFs/src/ff.o
 .text.inc_lock
                0x0000000008003f88      0x11c ./Middlewares/Third_Party/FatFs/src/ff.o
 .text.dec_lock
                0x00000000080040a4       0x78 ./Middlewares/Third_Party/FatFs/src/ff.o
 .text.clear_lock
                0x000000000800411c       0x48 ./Middlewares/Third_Party/FatFs/src/ff.o
 .text.sync_window
                0x0000000008004164       0x88 ./Middlewares/Third_Party/FatFs/src/ff.o
 .text.move_window
                0x00000000080041ec       0x5a ./Middlewares/Third_Party/FatFs/src/ff.o
 *fill*         0x0000000008004246        0x2 
 .text.sync_fs  0x0000000008004248       0xdc ./Middlewares/Third_Party/FatFs/src/ff.o
 .text.clust2sect
                0x0000000008004324       0x3e ./Middlewares/Third_Party/FatFs/src/ff.o
 .text.get_fat  0x0000000008004362      0x150 ./Middlewares/Third_Party/FatFs/src/ff.o
 .text.put_fat  0x00000000080044b2      0x1d8 ./Middlewares/Third_Party/FatFs/src/ff.o
 .text.remove_chain
                0x000000000800468a       0xca ./Middlewares/Third_Party/FatFs/src/ff.o
 .text.create_chain
                0x0000000008004754      0x130 ./Middlewares/Third_Party/FatFs/src/ff.o
 .text.clmt_clust
                0x0000000008004884       0x68 ./Middlewares/Third_Party/FatFs/src/ff.o
 .text.dir_sdi  0x00000000080048ec       0xf6 ./Middlewares/Third_Party/FatFs/src/ff.o
 .text.dir_next
                0x00000000080049e2      0x18a ./Middlewares/Third_Party/FatFs/src/ff.o
 .text.dir_alloc
                0x0000000008004b6c       0x8e ./Middlewares/Third_Party/FatFs/src/ff.o
 .text.ld_clust
                0x0000000008004bfa       0x3e ./Middlewares/Third_Party/FatFs/src/ff.o
 .text.st_clust
                0x0000000008004c38       0x40 ./Middlewares/Third_Party/FatFs/src/ff.o
 .text.dir_find
                0x0000000008004c78       0xaa ./Middlewares/Third_Party/FatFs/src/ff.o
 .text.dir_register
                0x0000000008004d22       0x64 ./Middlewares/Third_Party/FatFs/src/ff.o
 *fill*         0x0000000008004d86        0x2 
 .text.create_name
                0x0000000008004d88      0x128 ./Middlewares/Third_Party/FatFs/src/ff.o
 .text.follow_path
                0x0000000008004eb0       0xe2 ./Middlewares/Third_Party/FatFs/src/ff.o
 .text.get_ldnumber
                0x0000000008004f92       0x88 ./Middlewares/Third_Party/FatFs/src/ff.o
 *fill*         0x000000000800501a        0x2 
 .text.check_fs
                0x000000000800501c       0xac ./Middlewares/Third_Party/FatFs/src/ff.o
 .text.find_volume
                0x00000000080050c8      0x498 ./Middlewares/Third_Party/FatFs/src/ff.o
 .text.validate
                0x0000000008005560       0x6a ./Middlewares/Third_Party/FatFs/src/ff.o
 *fill*         0x00000000080055ca        0x2 
 .text.f_mount  0x00000000080055cc       0x8c ./Middlewares/Third_Party/FatFs/src/ff.o
                0x00000000080055cc                f_mount
 .text.f_open   0x0000000008005658      0x37c ./Middlewares/Third_Party/FatFs/src/ff.o
                0x0000000008005658                f_open
 .text.f_read   0x00000000080059d4      0x27e ./Middlewares/Third_Party/FatFs/src/ff.o
                0x00000000080059d4                f_read
 .text.f_sync   0x0000000008005c52       0xfc ./Middlewares/Third_Party/FatFs/src/ff.o
                0x0000000008005c52                f_sync
 .text.f_close  0x0000000008005d4e       0x54 ./Middlewares/Third_Party/FatFs/src/ff.o
                0x0000000008005d4e                f_close
 .text.f_lseek  0x0000000008005da2      0x412 ./Middlewares/Third_Party/FatFs/src/ff.o
                0x0000000008005da2                f_lseek
 .text.FATFS_LinkDriverEx
                0x00000000080061b4       0x98 ./Middlewares/Third_Party/FatFs/src/ff_gen_drv.o
                0x00000000080061b4                FATFS_LinkDriverEx
 .text.FATFS_LinkDriver
                0x000000000800624c       0x1e ./Middlewares/Third_Party/FatFs/src/ff_gen_drv.o
                0x000000000800624c                FATFS_LinkDriver
 .text.TEXT_Callback
                0x000000000800626a       0xc6 ../GUI/Lib\libSTemWin.a(TEXT.o)
                0x000000000800626a                TEXT_Callback
 .text.TEXT_CreateUser
                0x0000000008006330       0x84 ../GUI/Lib\libSTemWin.a(TEXT.o)
                0x0000000008006330                TEXT_CreateUser
 .text.TEXT_CreateIndirect
                0x00000000080063b4       0x3e ../GUI/Lib\libSTemWin.a(TEXT.o)
                0x00000000080063b4                TEXT_CreateIndirect
 .text.TEXT_SetText
                0x00000000080063f2       0x52 ../GUI/Lib\libSTemWin.a(TEXT.o)
                0x00000000080063f2                TEXT_SetText
 .text.FRAMEWIN__GetBorderSize
                0x0000000008006444       0x44 ../GUI/Lib\libSTemWin.a(FRAMEWIN.o)
                0x0000000008006444                FRAMEWIN__GetBorderSize
 .text._SetActive
                0x0000000008006488       0x38 ../GUI/Lib\libSTemWin.a(FRAMEWIN.o)
 .text.FRAMEWIN__cbClient
                0x00000000080064c0       0xe4 ../GUI/Lib\libSTemWin.a(FRAMEWIN.o)
 .text.FRAMEWIN__CalcTitleHeight
                0x00000000080065a4       0x1e ../GUI/Lib\libSTemWin.a(FRAMEWIN.o)
                0x00000000080065a4                FRAMEWIN__CalcTitleHeight
 .text.FRAMEWIN__GetTitleLimits
                0x00000000080065c2       0x98 ../GUI/Lib\libSTemWin.a(FRAMEWIN.o)
                0x00000000080065c2                FRAMEWIN__GetTitleLimits
 .text.FRAMEWIN__CalcPositions
                0x000000000800665a       0xde ../GUI/Lib\libSTemWin.a(FRAMEWIN.o)
                0x000000000800665a                FRAMEWIN__CalcPositions
 .text.FRAMEWIN_SetText
                0x0000000008006738       0x3e ../GUI/Lib\libSTemWin.a(FRAMEWIN.o)
                0x0000000008006738                FRAMEWIN_SetText
 *fill*         0x0000000008006776        0x2 
 .text.FRAMEWIN_CreateUser
                0x0000000008006778       0xf4 ../GUI/Lib\libSTemWin.a(FRAMEWIN.o)
                0x0000000008006778                FRAMEWIN_CreateUser
 .text.FRAMEWIN_CreateIndirect
                0x000000000800686c       0x42 ../GUI/Lib\libSTemWin.a(FRAMEWIN.o)
                0x000000000800686c                FRAMEWIN_CreateIndirect
 .text.FRAMEWIN_SetActive
                0x00000000080068ae        0x8 ../GUI/Lib\libSTemWin.a(FRAMEWIN.o)
                0x00000000080068ae                FRAMEWIN_SetActive
 .text.FRAMEWIN_Callback
                0x00000000080068b6      0x282 ../GUI/Lib\libSTemWin.a(FRAMEWIN.o)
                0x00000000080068b6                FRAMEWIN_Callback
 .text.FRAMEWIN_GetActive
                0x0000000008006b38       0x24 ../GUI/Lib\libSTemWin.a(FRAMEWIN.o)
                0x0000000008006b38                FRAMEWIN_GetActive
 .text.GUI_CreateDialogBox
                0x0000000008006b5c       0xa4 ../GUI/Lib\libSTemWin.a(DIALOG.o)
                0x0000000008006b5c                GUI_CreateDialogBox
 .text.WM__ForEachDesc
                0x0000000008006c00       0x2a ../GUI/Lib\libSTemWin.a(WM__Private.o)
                0x0000000008006c00                WM__ForEachDesc
 .text.WM__GetFirstSibling
                0x0000000008006c2a       0x12 ../GUI/Lib\libSTemWin.a(WM__Private.o)
                0x0000000008006c2a                WM__GetFirstSibling
 .text.WM__GetLastSibling
                0x0000000008006c3c       0x18 ../GUI/Lib\libSTemWin.a(WM__Private.o)
                0x0000000008006c3c                WM__GetLastSibling
 .text.WM__GetPrevSibling
                0x0000000008006c54       0x26 ../GUI/Lib\libSTemWin.a(WM__Private.o)
                0x0000000008006c54                WM__GetPrevSibling
 .text.WM__IsAncestor
                0x0000000008006c7a       0x22 ../GUI/Lib\libSTemWin.a(WM__Private.o)
                0x0000000008006c7a                WM__IsAncestor
 .text.WM__IsAncestorOrSelf
                0x0000000008006c9c        0xc ../GUI/Lib\libSTemWin.a(WM__Private.o)
                0x0000000008006c9c                WM__IsAncestorOrSelf
 .text.WM__IsChild
                0x0000000008006ca8       0x28 ../GUI/Lib\libSTemWin.a(WM__Private.o)
                0x0000000008006ca8                WM__IsChild
 .text.WM__GetFocusedChild
                0x0000000008006cd0       0x24 ../GUI/Lib\libSTemWin.a(WM__Private.o)
                0x0000000008006cd0                WM__GetFocusedChild
 .text.WM__SendMessage
                0x0000000008006cf4       0x3c ../GUI/Lib\libSTemWin.a(WM__Private.o)
                0x0000000008006cf4                WM__SendMessage
 .text.WM__SendMessageNoPara
                0x0000000008006d30       0x28 ../GUI/Lib\libSTemWin.a(WM__Private.o)
                0x0000000008006d30                WM__SendMessageNoPara
 .text.WM__UpdateChildPositions
                0x0000000008006d58       0xf4 ../GUI/Lib\libSTemWin.a(WM__Private.o)
                0x0000000008006d58                WM__UpdateChildPositions
 .text.WM__AddCriticalHandle
                0x0000000008006e4c       0x10 ../GUI/Lib\libSTemWin.a(WM__Private.o)
                0x0000000008006e4c                WM__AddCriticalHandle
 .text.WM__GetClientRectEx
                0x0000000008006e5c       0x22 ../GUI/Lib\libSTemWin.a(WM__Private.o)
                0x0000000008006e5c                WM__GetClientRectEx
 *fill*         0x0000000008006e7e        0x2 
 .text.WM_SetHasTrans
                0x0000000008006e80       0x40 ../GUI/Lib\libSTemWin.a(WM_SetTrans.o)
                0x0000000008006e80                WM_SetHasTrans
 .text.WM_GetHasTrans
                0x0000000008006ec0       0x12 ../GUI/Lib\libSTemWin.a(WM_SetTrans.o)
                0x0000000008006ec0                WM_GetHasTrans
 .text._GetPrevChild
                0x0000000008006ed2       0x1e ../GUI/Lib\libSTemWin.a(WM_SetFocusOnPrevChild.o)
 .text.WM_SetFocusOnPrevChild
                0x0000000008006ef0       0x38 ../GUI/Lib\libSTemWin.a(WM_SetFocusOnPrevChild.o)
                0x0000000008006ef0                WM_SetFocusOnPrevChild
 .text._GetNextChild
                0x0000000008006f28       0x26 ../GUI/Lib\libSTemWin.a(WM_SetFocusOnNextChild.o)
 *fill*         0x0000000008006f4e        0x2 
 .text.WM_SetFocusOnNextChild
                0x0000000008006f50       0x5c ../GUI/Lib\libSTemWin.a(WM_SetFocusOnNextChild.o)
                0x0000000008006f50                WM_SetFocusOnNextChild
 .text.WM_SetCaptureMove
                0x0000000008006fac       0x9c ../GUI/Lib\libSTemWin.a(WM_SetCaptureMove.o)
                0x0000000008006fac                WM_SetCaptureMove
 .text.WM__ReleaseCapture
                0x0000000008007048       0x34 ../GUI/Lib\libSTemWin.a(WM_SetCapture.o)
 .text.WM_SetCapture
                0x000000000800707c       0x34 ../GUI/Lib\libSTemWin.a(WM_SetCapture.o)
                0x000000000800707c                WM_SetCapture
 .text._MoveDescendents
                0x00000000080070b0       0x6c ../GUI/Lib\libSTemWin.a(WM_Move.o)
 .text.WM__MoveWindow
                0x000000000800711c       0xa8 ../GUI/Lib\libSTemWin.a(WM_Move.o)
                0x000000000800711c                WM__MoveWindow
 .text.WM_MoveWindow
                0x00000000080071c4        0x4 ../GUI/Lib\libSTemWin.a(WM_Move.o)
                0x00000000080071c4                WM_MoveWindow
 .text.WM_DisableMemdev
                0x00000000080071c8       0x16 ../GUI/Lib\libSTemWin.a(WM_MemDev.o)
                0x00000000080071c8                WM_DisableMemdev
 .text.WM_ForEachDesc
                0x00000000080071de        0x4 ../GUI/Lib\libSTemWin.a(WM_Lib.o)
                0x00000000080071de                WM_ForEachDesc
 *fill*         0x00000000080071e2        0x2 
 .text.WM_GetClientRect
                0x00000000080071e4       0x1c ../GUI/Lib\libSTemWin.a(WM_Lib.o)
                0x00000000080071e4                WM_GetClientRect
 .text.WM_GetClientWindow
                0x0000000008007200       0x1c ../GUI/Lib\libSTemWin.a(WM_Lib.o)
                0x0000000008007200                WM_GetClientWindow
 .text.WM_GetDesktopWindow
                0x000000000800721c       0x18 ../GUI/Lib\libSTemWin.a(WM_Lib.o)
                0x000000000800721c                WM_GetDesktopWindow
 .text.WM_GetFirstChild
                0x0000000008007234       0x10 ../GUI/Lib\libSTemWin.a(WM_Lib.o)
                0x0000000008007234                WM_GetFirstChild
 .text.WM_GetFocusedWindow
                0x0000000008007244       0x14 ../GUI/Lib\libSTemWin.a(WM_Lib.o)
                0x0000000008007244                WM_GetFocusedWindow
 .text.WM_GetId
                0x0000000008007258       0x20 ../GUI/Lib\libSTemWin.a(WM_Lib.o)
                0x0000000008007258                WM_GetId
 .text._GetDialogItem
                0x0000000008007278       0x44 ../GUI/Lib\libSTemWin.a(WM_Lib.o)
 .text.WM_GetDialogItem
                0x00000000080072bc       0x42 ../GUI/Lib\libSTemWin.a(WM_Lib.o)
                0x00000000080072bc                WM_GetDialogItem
 .text.WM_GetNextSibling
                0x00000000080072fe       0x10 ../GUI/Lib\libSTemWin.a(WM_Lib.o)
                0x00000000080072fe                WM_GetNextSibling
 .text.WM_GetWindowOrgX
                0x000000000800730e       0x10 ../GUI/Lib\libSTemWin.a(WM_Lib.o)
                0x000000000800730e                WM_GetWindowOrgX
 .text.WM_GetParent
                0x000000000800731e       0x10 ../GUI/Lib\libSTemWin.a(WM_Lib.o)
                0x000000000800731e                WM_GetParent
 .text.WM_BringToBottom
                0x000000000800732e       0x86 ../GUI/Lib\libSTemWin.a(WM_Lib.o)
                0x000000000800732e                WM_BringToBottom
 .text.WM_GetWindowRectEx
                0x00000000080073b4       0x16 ../GUI/Lib\libSTemWin.a(WM_Lib.o)
                0x00000000080073b4                WM_GetWindowRectEx
 *fill*         0x00000000080073ca        0x2 
 .text.WM_HasCaptured
                0x00000000080073cc       0x1c ../GUI/Lib\libSTemWin.a(WM_Lib.o)
                0x00000000080073cc                WM_HasCaptured
 .text.WM_HasFocus
                0x00000000080073e8       0x1c ../GUI/Lib\libSTemWin.a(WM_Lib.o)
                0x00000000080073e8                WM_HasFocus
 .text.WM_IsFocusable
                0x0000000008007404       0x32 ../GUI/Lib\libSTemWin.a(WM_Lib.o)
                0x0000000008007404                WM_IsFocusable
 .text.WM_IsWindow
                0x0000000008007436        0x4 ../GUI/Lib\libSTemWin.a(WM_Lib.o)
                0x0000000008007436                WM_IsWindow
 *fill*         0x000000000800743a        0x2 
 .text.WM_OnKey
                0x000000000800743c       0x34 ../GUI/Lib\libSTemWin.a(WM_Lib.o)
                0x000000000800743c                WM_OnKey
 .text.WM_ResizeWindow
                0x0000000008007470       0xf6 ../GUI/Lib\libSTemWin.a(WM_Lib.o)
                0x0000000008007470                WM_ResizeWindow
 .text.WM_SendMessageNoPara
                0x0000000008007566        0x4 ../GUI/Lib\libSTemWin.a(WM_Lib.o)
                0x0000000008007566                WM_SendMessageNoPara
 .text.WM_SendToParent
                0x000000000800756a       0x1c ../GUI/Lib\libSTemWin.a(WM_Lib.o)
                0x000000000800756a                WM_SendToParent
 .text.WM_NotifyParent
                0x0000000008007586       0x14 ../GUI/Lib\libSTemWin.a(WM_Lib.o)
                0x0000000008007586                WM_NotifyParent
 *fill*         0x000000000800759a        0x2 
 .text.WM_SetFocus
                0x000000000800759c       0x9c ../GUI/Lib\libSTemWin.a(WM_Lib.o)
                0x000000000800759c                WM_SetFocus
 .text.WM_SetSize
                0x0000000008007638       0x48 ../GUI/Lib\libSTemWin.a(WM_Lib.o)
                0x0000000008007638                WM_SetSize
 .text.WM_SetUserClipRect
                0x0000000008007680       0x18 ../GUI/Lib\libSTemWin.a(WM_Lib.o)
                0x0000000008007680                WM_SetUserClipRect
 .text.WM_InvalidateWindowAndDescs
                0x0000000008007698       0x26 ../GUI/Lib\libSTemWin.a(WM_Lib.o)
                0x0000000008007698                WM_InvalidateWindowAndDescs
 .text.WM_ShowWindow
                0x00000000080076be       0x28 ../GUI/Lib\libSTemWin.a(WM_Lib.o)
                0x00000000080076be                WM_ShowWindow
 *fill*         0x00000000080076e6        0x2 
 .text.WM_ValidateWindow
                0x00000000080076e8       0x30 ../GUI/Lib\libSTemWin.a(WM_Lib.o)
                0x00000000080076e8                WM_ValidateWindow
 .text.WM__GetWindowSizeX
                0x0000000008007718        0xe ../GUI/Lib\libSTemWin.a(WM_GetWindowSize.o)
                0x0000000008007718                WM__GetWindowSizeX
 .text.WM__GetWindowSizeY
                0x0000000008007726        0xe ../GUI/Lib\libSTemWin.a(WM_GetWindowSize.o)
                0x0000000008007726                WM__GetWindowSizeY
 .text.WM_GetWindowSizeX
                0x0000000008007734       0x2a ../GUI/Lib\libSTemWin.a(WM_GetWindowSize.o)
                0x0000000008007734                WM_GetWindowSizeX
 .text.WM_GetWindowSizeY
                0x000000000800775e       0x2a ../GUI/Lib\libSTemWin.a(WM_GetWindowSize.o)
                0x000000000800775e                WM_GetWindowSizeY
 .text._cbInvalidateOne
                0x0000000008007788        0x4 ../GUI/Lib\libSTemWin.a(WM_BringToTop.o)
 .text.WM_BringToTop
                0x000000000800778c       0x78 ../GUI/Lib\libSTemWin.a(WM_BringToTop.o)
                0x000000000800778c                WM_BringToTop
 .text._OnExit  0x0000000008007804       0xac ../GUI/Lib\libSTemWin.a(WM.o)
 .text._Paint1  0x00000000080078b0       0x24 ../GUI/Lib\libSTemWin.a(WM.o)
 .text._Findy1  0x00000000080078d4       0xac ../GUI/Lib\libSTemWin.a(WM.o)
 .text._Findx0  0x0000000008007980       0x88 ../GUI/Lib\libSTemWin.a(WM.o)
 .text._Findx1  0x0000000008007a08       0x76 ../GUI/Lib\libSTemWin.a(WM.o)
 *fill*         0x0000000008007a7e        0x2 
 .text._Paint1Trans
                0x0000000008007a80       0x94 ../GUI/Lib\libSTemWin.a(WM.o)
 .text._PaintTransChildren
                0x0000000008007b14       0xb6 ../GUI/Lib\libSTemWin.a(WM.o)
 *fill*         0x0000000008007bca        0x2 
 .text.WM__PaintWinAndOverlays
                0x0000000008007bcc       0x78 ../GUI/Lib\libSTemWin.a(WM.o)
 .text._cbPaintMemDev
                0x0000000008007c44       0x68 ../GUI/Lib\libSTemWin.a(WM.o)
 .text.WM__ClipAtParentBorders
                0x0000000008007cac       0x5c ../GUI/Lib\libSTemWin.a(WM.o)
                0x0000000008007cac                WM__ClipAtParentBorders
 .text.WM__InsertWindowIntoList
                0x0000000008007d08       0xa4 ../GUI/Lib\libSTemWin.a(WM.o)
                0x0000000008007d08                WM__InsertWindowIntoList
 .text.WM__RemoveWindowFromList
                0x0000000008007dac       0x3c ../GUI/Lib\libSTemWin.a(WM.o)
                0x0000000008007dac                WM__RemoveWindowFromList
 .text.WM__Client2Screen
                0x0000000008007de8       0x10 ../GUI/Lib\libSTemWin.a(WM.o)
                0x0000000008007de8                WM__Client2Screen
 .text._SetClipRectUserIntersect
                0x0000000008007df8       0x50 ../GUI/Lib\libSTemWin.a(WM.o)
 .text.WM__ActivateClipRect
                0x0000000008007e48       0x48 ../GUI/Lib\libSTemWin.a(WM.o)
                0x0000000008007e48                WM__ActivateClipRect
 .text.WM__IsWindow
                0x0000000008007e90       0x20 ../GUI/Lib\libSTemWin.a(WM.o)
                0x0000000008007e90                WM__IsWindow
 .text.WM__InvalidateDrawAndDescs
                0x0000000008007eb0       0x50 ../GUI/Lib\libSTemWin.a(WM.o)
                0x0000000008007eb0                WM__InvalidateDrawAndDescs
 .text.WM__RectIsNZ
                0x0000000008007f00       0x22 ../GUI/Lib\libSTemWin.a(WM.o)
                0x0000000008007f00                WM__RectIsNZ
 .text.WM_SendMessage
                0x0000000008007f22        0x8 ../GUI/Lib\libSTemWin.a(WM.o)
                0x0000000008007f22                WM_SendMessage
 .text.WM__SendMsgNoData
                0x0000000008007f2a       0x16 ../GUI/Lib\libSTemWin.a(WM.o)
                0x0000000008007f2a                WM__SendMsgNoData
 .text.WM__GetClientRectWin
                0x0000000008007f40       0x18 ../GUI/Lib\libSTemWin.a(WM.o)
                0x0000000008007f40                WM__GetClientRectWin
 .text.WM__GetTopLevelLayer
                0x0000000008007f58       0x28 ../GUI/Lib\libSTemWin.a(WM.o)
                0x0000000008007f58                WM__GetTopLevelLayer
 .text._Invalidate1Abs
                0x0000000008007f80       0xa0 ../GUI/Lib\libSTemWin.a(WM.o)
 .text.WM__Invalidate1Abs
                0x0000000008008020        0x6 ../GUI/Lib\libSTemWin.a(WM.o)
                0x0000000008008020                WM__Invalidate1Abs
 .text.WM_InvalidateWindowAndDescsEx
                0x0000000008008026       0x64 ../GUI/Lib\libSTemWin.a(WM.o)
                0x0000000008008026                WM_InvalidateWindowAndDescsEx
 .text.WM__InvalidateRect
                0x000000000800808a       0x78 ../GUI/Lib\libSTemWin.a(WM.o)
                0x000000000800808a                WM__InvalidateRect
 .text.WM__InvalidateParent
                0x0000000008008102       0x2a ../GUI/Lib\libSTemWin.a(WM.o)
                0x0000000008008102                WM__InvalidateParent
 .text.WM__InvalidateRectEx
                0x000000000800812c        0x6 ../GUI/Lib\libSTemWin.a(WM.o)
                0x000000000800812c                WM__InvalidateRectEx
 .text.WM__DetachWindow
                0x0000000008008132       0x2a ../GUI/Lib\libSTemWin.a(WM.o)
                0x0000000008008132                WM__DetachWindow
 .text.WM_InvalidateRect
                0x000000000800815c       0x78 ../GUI/Lib\libSTemWin.a(WM.o)
                0x000000000800815c                WM_InvalidateRect
 .text.WM_InvalidateWindow
                0x00000000080081d4        0x6 ../GUI/Lib\libSTemWin.a(WM.o)
                0x00000000080081d4                WM_InvalidateWindow
 .text.WM__SelectTopLevelLayer
                0x00000000080081da       0x14 ../GUI/Lib\libSTemWin.a(WM.o)
                0x00000000080081da                WM__SelectTopLevelLayer
 *fill*         0x00000000080081ee        0x2 
 .text.WM_SelectWindow
                0x00000000080081f0       0x40 ../GUI/Lib\libSTemWin.a(WM.o)
                0x00000000080081f0                WM_SelectWindow
 .text.WM_CreateWindowAsChild
                0x0000000008008230      0x154 ../GUI/Lib\libSTemWin.a(WM.o)
                0x0000000008008230                WM_CreateWindowAsChild
 .text.WM_DeleteWindow
                0x0000000008008384      0x114 ../GUI/Lib\libSTemWin.a(WM.o)
                0x0000000008008384                WM_DeleteWindow
 .text._Exec1Input
                0x0000000008008498       0x84 ../GUI/Lib\libSTemWin.a(WM.o)
 .text.WM_GetActiveWindow
                0x000000000800851c        0xc ../GUI/Lib\libSTemWin.a(WM.o)
                0x000000000800851c                WM_GetActiveWindow
 .text.WM__GetNextIVR
                0x0000000008008528      0x184 ../GUI/Lib\libSTemWin.a(WM.o)
                0x0000000008008528                WM__GetNextIVR
 .text.WM__InitIVRSearch
                0x00000000080086ac       0xfc ../GUI/Lib\libSTemWin.a(WM.o)
                0x00000000080086ac                WM__InitIVRSearch
 .text.WM_SetDefault
                0x00000000080087a8       0x14 ../GUI/Lib\libSTemWin.a(WM.o)
                0x00000000080087a8                WM_SetDefault
 .text.WM__Paint1
                0x00000000080087bc       0x90 ../GUI/Lib\libSTemWin.a(WM.o)
                0x00000000080087bc                WM__Paint1
 .text.WM__Paint
                0x000000000800884c       0xac ../GUI/Lib\libSTemWin.a(WM.o)
                0x000000000800884c                WM__Paint
 .text._Exec1Draw
                0x00000000080088f8       0x80 ../GUI/Lib\libSTemWin.a(WM.o)
 .text.WM_Exec  0x0000000008008978       0x78 ../GUI/Lib\libSTemWin.a(WM.o)
                0x0000000008008978                WM_Exec
 .text.WM_Activate
                0x00000000080089f0       0x10 ../GUI/Lib\libSTemWin.a(WM.o)
                0x00000000080089f0                WM_Activate
 .text.WM_Deactivate
                0x0000000008008a00       0x14 ../GUI/Lib\libSTemWin.a(WM.o)
                0x0000000008008a00                WM_Deactivate
 .text.WM_DefaultProc
                0x0000000008008a14       0x48 ../GUI/Lib\libSTemWin.a(WM.o)
                0x0000000008008a14                WM_DefaultProc
 .text._cbBackWin
                0x0000000008008a5c       0x68 ../GUI/Lib\libSTemWin.a(WM.o)
 .text.WM_Init  0x0000000008008ac4       0xf4 ../GUI/Lib\libSTemWin.a(WM.o)
                0x0000000008008ac4                WM_Init
 .text._CreateStaticDevice
                0x0000000008008bb8      0x174 ../GUI/Lib\libSTemWin.a(GUIDEV_StaticDevices.o)
 .text.GUI_MEMDEV_Paint1Static
                0x0000000008008d2c       0x1c ../GUI/Lib\libSTemWin.a(GUIDEV_StaticDevices.o)
                0x0000000008008d2c                GUI_MEMDEV_Paint1Static
 .text.GUI_MEMDEV_SetOrg
                0x0000000008008d48       0x54 ../GUI/Lib\libSTemWin.a(GUIDEV_SetOrg.o)
                0x0000000008008d48                GUI_MEMDEV_SetOrg
 .text.GUI_MEMDEV_GetYSize
                0x0000000008008d9c       0x2c ../GUI/Lib\libSTemWin.a(GUIDEV_GetYSize.o)
                0x0000000008008d9c                GUI_MEMDEV_GetYSize
 .text.GUI_MEMDEV_GetDataPtr
                0x0000000008008dc8       0x1e ../GUI/Lib\libSTemWin.a(GUIDEV_GetDataPtr.o)
                0x0000000008008dc8                GUI_MEMDEV_GetDataPtr
 *fill*         0x0000000008008de6        0x2 
 .text.GUI_MEMDEV_Draw
                0x0000000008008de8      0x150 ../GUI/Lib\libSTemWin.a(GUIDEV_Banding.o)
                0x0000000008008de8                GUI_MEMDEV_Draw
 .text._GetDevData
                0x0000000008008f38       0x10 ../GUI/Lib\libSTemWin.a(GUIDEV_32.o)
 .text._GetDevFunc
                0x0000000008008f48       0x10 ../GUI/Lib\libSTemWin.a(GUIDEV_32.o)
 .text._GetDevProp
                0x0000000008008f58        0xa ../GUI/Lib\libSTemWin.a(GUIDEV_32.o)
 .text._SetOrg  0x0000000008008f62        0xc ../GUI/Lib\libSTemWin.a(GUIDEV_32.o)
 .text._GetRect
                0x0000000008008f6e       0x32 ../GUI/Lib\libSTemWin.a(GUIDEV_32.o)
 .text._XY2PTR  0x0000000008008fa0       0x40 ../GUI/Lib\libSTemWin.a(GUIDEV_32.o)
 .text._GetPixelIndex
                0x0000000008008fe0        0xe ../GUI/Lib\libSTemWin.a(GUIDEV_32.o)
 *fill*         0x0000000008008fee        0x2 
 .text._XorPixel
                0x0000000008008ff0       0x5c ../GUI/Lib\libSTemWin.a(GUIDEV_32.o)
 .text._SetPixelIndex
                0x000000000800904c       0x4c ../GUI/Lib\libSTemWin.a(GUIDEV_32.o)
 .text._DrawVLine
                0x0000000008009098       0xbc ../GUI/Lib\libSTemWin.a(GUIDEV_32.o)
 .text._FillRect
                0x0000000008009154       0xb8 ../GUI/Lib\libSTemWin.a(GUIDEV_32.o)
 .text._DrawHLine
                0x000000000800920c        0xe ../GUI/Lib\libSTemWin.a(GUIDEV_32.o)
 *fill*         0x000000000800921a        0x2 
 .text._DrawBitmap
                0x000000000800921c      0x740 ../GUI/Lib\libSTemWin.a(GUIDEV_32.o)
 .text.GUI_MEMDEV__WriteToActiveAt
                0x000000000800995c       0x38 ../GUI/Lib\libSTemWin.a(GUIDEV.o)
                0x000000000800995c                GUI_MEMDEV__WriteToActiveAt
 .text.GUI_MEMDEV__CreateFixed
                0x0000000008009994      0x104 ../GUI/Lib\libSTemWin.a(GUIDEV.o)
                0x0000000008009994                GUI_MEMDEV__CreateFixed
 .text.GUI_MEMDEV_GetBitsPerPixel
                0x0000000008009a98       0x2a ../GUI/Lib\libSTemWin.a(GUIDEV.o)
                0x0000000008009a98                GUI_MEMDEV_GetBitsPerPixel
 *fill*         0x0000000008009ac2        0x2 
 .text.GUI_MEMDEV_Delete
                0x0000000008009ac4       0x44 ../GUI/Lib\libSTemWin.a(GUIDEV.o)
                0x0000000008009ac4                GUI_MEMDEV_Delete
 .text.GUI_MEMDEV_CreateEx
                0x0000000008009b08       0x78 ../GUI/Lib\libSTemWin.a(GUIDEV.o)
                0x0000000008009b08                GUI_MEMDEV_CreateEx
 .text.GUI_MEMDEV_Select
                0x0000000008009b80       0x4c ../GUI/Lib\libSTemWin.a(GUIDEV.o)
                0x0000000008009b80                GUI_MEMDEV_Select
 .text.GUI_MEMDEV_CopyToLCDAt
                0x0000000008009bcc       0xa4 ../GUI/Lib\libSTemWin.a(GUIDEV.o)
                0x0000000008009bcc                GUI_MEMDEV_CopyToLCDAt
 .text.GUI_MEMDEV_CopyToLCD
                0x0000000008009c70        0xc ../GUI/Lib\libSTemWin.a(GUIDEV.o)
                0x0000000008009c70                GUI_MEMDEV_CopyToLCD
 .text._SetPhysRAMAddr
                0x0000000008009c7c       0xa2 ../GUI/Lib\libSTemWin.a(GUIDRV_FlexColor_Func66709.o)
 .text._SetRect
                0x0000000008009d1e       0xa6 ../GUI/Lib\libSTemWin.a(GUIDRV_FlexColor_Func66709.o)
 .text._SetOrientation
                0x0000000008009dc4       0x3c ../GUI/Lib\libSTemWin.a(GUIDRV_FlexColor_Func66709.o)
 .text._ReadPixel_16bpp_B8
                0x0000000008009e00       0x38 ../GUI/Lib\libSTemWin.a(GUIDRV_FlexColor_Func66709.o)
 .text._ReadPixel_16bpp_B16_I
                0x0000000008009e38       0x3e ../GUI/Lib\libSTemWin.a(GUIDRV_FlexColor_Func66709.o)
 .text._SetReg_B8
                0x0000000008009e76       0x18 ../GUI/Lib\libSTemWin.a(GUIDRV_FlexColor_Func66709.o)
 .text._SetReg_B16
                0x0000000008009e8e        0xc ../GUI/Lib\libSTemWin.a(GUIDRV_FlexColor_Func66709.o)
 .text._WritePara_B8
                0x0000000008009e9a        0xc ../GUI/Lib\libSTemWin.a(GUIDRV_FlexColor_Func66709.o)
 .text._WritePara_B16
                0x0000000008009ea6        0xc ../GUI/Lib\libSTemWin.a(GUIDRV_FlexColor_Func66709.o)
 *fill*         0x0000000008009eb2        0x2 
 .text._SetInterface
                0x0000000008009eb4       0x34 ../GUI/Lib\libSTemWin.a(GUIDRV_FlexColor_Func66709.o)
 .text._ReadRect_16bpp_B8
                0x0000000008009ee8       0x60 ../GUI/Lib\libSTemWin.a(GUIDRV_FlexColor_Func66709.o)
 .text._ReadRect_16bpp_B16_I
                0x0000000008009f48       0x62 ../GUI/Lib\libSTemWin.a(GUIDRV_FlexColor_Func66709.o)
 *fill*         0x0000000008009faa        0x2 
 .text.GUIDRV_FlexColor_SetFunc66709
                0x0000000008009fac       0x74 ../GUI/Lib\libSTemWin.a(GUIDRV_FlexColor_Func66709.o)
                0x0000000008009fac                GUIDRV_FlexColor_SetFunc66709
 .text._WriteU16_A1
                0x000000000800a020       0x18 ../GUI/Lib\libSTemWin.a(GUIDRV_FlexColor_16bpp_C0B8.o)
 .text._WriteDataMP
                0x000000000800a038       0x46 ../GUI/Lib\libSTemWin.a(GUIDRV_FlexColor_16bpp_C0B8.o)
 .text._ReadData
                0x000000000800a07e        0xa ../GUI/Lib\libSTemWin.a(GUIDRV_FlexColor_16bpp_C0B8.o)
 .text._WriteData
                0x000000000800a088        0x6 ../GUI/Lib\libSTemWin.a(GUIDRV_FlexColor_16bpp_C0B8.o)
 *fill*         0x000000000800a08e        0x2 
 .text._FillRect
                0x000000000800a090      0x10c ../GUI/Lib\libSTemWin.a(GUIDRV_FlexColor_16bpp_C0B8.o)
 .text._DrawBitmap
                0x000000000800a19c      0x514 ../GUI/Lib\libSTemWin.a(GUIDRV_FlexColor_16bpp_C0B8.o)
 .text.GUIDRV_FlexColor_SetMode16bppC0B8
                0x000000000800a6b0       0x68 ../GUI/Lib\libSTemWin.a(GUIDRV_FlexColor_16bpp_C0B8.o)
                0x000000000800a6b0                GUIDRV_FlexColor_SetMode16bppC0B8
 .text._Log2PhysX_X0Y0S0
                0x000000000800a718        0x4 ../GUI/Lib\libSTemWin.a(GUIDRV_FlexColor.o)
 .text._Log2PhysX_X1Y0S0
                0x000000000800a71c        0x8 ../GUI/Lib\libSTemWin.a(GUIDRV_FlexColor.o)
 .text._Log2PhysX_X0Y1S0
                0x000000000800a724        0x4 ../GUI/Lib\libSTemWin.a(GUIDRV_FlexColor.o)
 .text._Log2PhysX_X1Y1S0
                0x000000000800a728        0x8 ../GUI/Lib\libSTemWin.a(GUIDRV_FlexColor.o)
 .text._Log2PhysX_X0Y0S1
                0x000000000800a730        0x4 ../GUI/Lib\libSTemWin.a(GUIDRV_FlexColor.o)
 .text._Log2PhysX_X1Y0S1
                0x000000000800a734        0x8 ../GUI/Lib\libSTemWin.a(GUIDRV_FlexColor.o)
 .text._Log2PhysX_X0Y1S1
                0x000000000800a73c        0x4 ../GUI/Lib\libSTemWin.a(GUIDRV_FlexColor.o)
 .text._Log2PhysX_X1Y1S1
                0x000000000800a740        0x8 ../GUI/Lib\libSTemWin.a(GUIDRV_FlexColor.o)
 .text._Log2PhysY_X0Y0S0
                0x000000000800a748        0x4 ../GUI/Lib\libSTemWin.a(GUIDRV_FlexColor.o)
 .text._Log2PhysY_X1Y0S0
                0x000000000800a74c        0x4 ../GUI/Lib\libSTemWin.a(GUIDRV_FlexColor.o)
 .text._Log2PhysY_X0Y1S0
                0x000000000800a750        0x8 ../GUI/Lib\libSTemWin.a(GUIDRV_FlexColor.o)
 .text._Log2PhysY_X1Y1S0
                0x000000000800a758        0x8 ../GUI/Lib\libSTemWin.a(GUIDRV_FlexColor.o)
 .text._Log2PhysY_X0Y0S1
                0x000000000800a760        0x4 ../GUI/Lib\libSTemWin.a(GUIDRV_FlexColor.o)
 .text._Log2PhysY_X1Y0S1
                0x000000000800a764        0x4 ../GUI/Lib\libSTemWin.a(GUIDRV_FlexColor.o)
 .text._Log2PhysY_X0Y1S1
                0x000000000800a768        0x8 ../GUI/Lib\libSTemWin.a(GUIDRV_FlexColor.o)
 .text._Log2PhysY_X1Y1S1
                0x000000000800a770        0x8 ../GUI/Lib\libSTemWin.a(GUIDRV_FlexColor.o)
 .text._SetPixelIndex
                0x000000000800a778        0xc ../GUI/Lib\libSTemWin.a(GUIDRV_FlexColor.o)
 .text._GetPixelIndex
                0x000000000800a784        0xc ../GUI/Lib\libSTemWin.a(GUIDRV_FlexColor.o)
 .text._XorPixel
                0x000000000800a790       0x28 ../GUI/Lib\libSTemWin.a(GUIDRV_FlexColor.o)
 .text._DrawHLine
                0x000000000800a7b8       0x10 ../GUI/Lib\libSTemWin.a(GUIDRV_FlexColor.o)
 .text._DrawVLine
                0x000000000800a7c8       0x12 ../GUI/Lib\libSTemWin.a(GUIDRV_FlexColor.o)
 .text._FillRect
                0x000000000800a7da       0x12 ../GUI/Lib\libSTemWin.a(GUIDRV_FlexColor.o)
 .text._DrawBitmap
                0x000000000800a7ec       0x28 ../GUI/Lib\libSTemWin.a(GUIDRV_FlexColor.o)
 .text._GetDevFunc_SetRect
                0x000000000800a814        0x2 ../GUI/Lib\libSTemWin.a(GUIDRV_FlexColor.o)
 *fill*         0x000000000800a816        0x2 
 .text._GetDevFunc_SetRectOutside
                0x000000000800a818       0x40 ../GUI/Lib\libSTemWin.a(GUIDRV_FlexColor.o)
 .text._ReadPixelCust_16bpp
                0x000000000800a858        0xe ../GUI/Lib\libSTemWin.a(GUIDRV_FlexColor.o)
 .text._ReadPixelCust_18bpp
                0x000000000800a866        0xe ../GUI/Lib\libSTemWin.a(GUIDRV_FlexColor.o)
 .text._ReadRectCust_16bpp
                0x000000000800a874       0x36 ../GUI/Lib\libSTemWin.a(GUIDRV_FlexColor.o)
 .text._ReadRectCust_18bpp
                0x000000000800a8aa       0x36 ../GUI/Lib\libSTemWin.a(GUIDRV_FlexColor.o)
 .text._GetDevFunc
                0x000000000800a8e0       0x7c ../GUI/Lib\libSTemWin.a(GUIDRV_FlexColor.o)
 .text._GetDevProp
                0x000000000800a95c       0x5a ../GUI/Lib\libSTemWin.a(GUIDRV_FlexColor.o)
 .text._GetDevData
                0x000000000800a9b6        0xc ../GUI/Lib\libSTemWin.a(GUIDRV_FlexColor.o)
 .text._GetRect
                0x000000000800a9c2       0x16 ../GUI/Lib\libSTemWin.a(GUIDRV_FlexColor.o)
 .text.GUIDRV_FlexColor__SetLog2Phys
                0x000000000800a9d8       0x48 ../GUI/Lib\libSTemWin.a(GUIDRV_FlexColor.o)
                0x000000000800a9d8                GUIDRV_FlexColor__SetLog2Phys
 .text._SetOrg  0x000000000800aa20       0x16 ../GUI/Lib\libSTemWin.a(GUIDRV_FlexColor.o)
 .text.GUIDRV_FlexColor__SetPixelIndexNoCache
                0x000000000800aa36       0x90 ../GUI/Lib\libSTemWin.a(GUIDRV_FlexColor.o)
                0x000000000800aa36                GUIDRV_FlexColor__SetPixelIndexNoCache
 .text.GUIDRV_FlexColor__GetPixelIndexNoCache
                0x000000000800aac6       0xb2 ../GUI/Lib\libSTemWin.a(GUIDRV_FlexColor.o)
                0x000000000800aac6                GUIDRV_FlexColor__GetPixelIndexNoCache
 .text.GUIDRV_FlexColor__InitOnce
                0x000000000800ab78       0x3c ../GUI/Lib\libSTemWin.a(GUIDRV_FlexColor.o)
                0x000000000800ab78                GUIDRV_FlexColor__InitOnce
 .text._SetDevFunc
                0x000000000800abb4       0x9c ../GUI/Lib\libSTemWin.a(GUIDRV_FlexColor.o)
 .text._GetDevFunc_Init
                0x000000000800ac50       0x4a ../GUI/Lib\libSTemWin.a(GUIDRV_FlexColor.o)
 .text._GetDevFunc_SetSize
                0x000000000800ac9a       0x14 ../GUI/Lib\libSTemWin.a(GUIDRV_FlexColor.o)
 .text._GetDevFunc_SetVSize
                0x000000000800acae       0x14 ../GUI/Lib\libSTemWin.a(GUIDRV_FlexColor.o)
 .text._GetDevFunc_Off
                0x000000000800acc2       0x16 ../GUI/Lib\libSTemWin.a(GUIDRV_FlexColor.o)
 .text._GetDevFunc_On
                0x000000000800acd8       0x16 ../GUI/Lib\libSTemWin.a(GUIDRV_FlexColor.o)
 .text.GUIDRV_FlexColor_Config
                0x000000000800acee       0x3c ../GUI/Lib\libSTemWin.a(GUIDRV_FlexColor.o)
                0x000000000800acee                GUIDRV_FlexColor_Config
 .text.GUIDRV_FlexColor_SetFunc
                0x000000000800ad2a       0x32 ../GUI/Lib\libSTemWin.a(GUIDRV_FlexColor.o)
                0x000000000800ad2a                GUIDRV_FlexColor_SetFunc
 .text.LCD_UpdateColorIndices
                0x000000000800ad5c       0x24 ../GUI/Lib\libSTemWin.a(LCD_UpdateColorIndices.o)
                0x000000000800ad5c                LCD_UpdateColorIndices
 .text.LCD_SetClipRectEx
                0x000000000800ad80       0x30 ../GUI/Lib\libSTemWin.a(LCD_SetClipRectEx.o)
                0x000000000800ad80                LCD_SetClipRectEx
 .text.LCD_SetVSizeEx
                0x000000000800adb0       0x30 ../GUI/Lib\libSTemWin.a(LCD_Set.o)
                0x000000000800adb0                LCD_SetVSizeEx
 .text.LCD_SetSizeEx
                0x000000000800ade0       0x30 ../GUI/Lib\libSTemWin.a(LCD_Set.o)
                0x000000000800ade0                LCD_SetSizeEx
 .text.LCD_SetLUTEntryEx
                0x000000000800ae10       0x30 ../GUI/Lib\libSTemWin.a(LCD_Set.o)
                0x000000000800ae10                LCD_SetLUTEntryEx
 .text._GetDevProp
                0x000000000800ae40       0x1e ../GUI/Lib\libSTemWin.a(LCD_GetEx.o)
 .text._GetMaxValue
                0x000000000800ae5e       0x22 ../GUI/Lib\libSTemWin.a(LCD_GetEx.o)
 .text.LCD_GetXSizeEx
                0x000000000800ae80        0x6 ../GUI/Lib\libSTemWin.a(LCD_GetEx.o)
                0x000000000800ae80                LCD_GetXSizeEx
 .text.LCD_GetYSizeEx
                0x000000000800ae86        0x6 ../GUI/Lib\libSTemWin.a(LCD_GetEx.o)
                0x000000000800ae86                LCD_GetYSizeEx
 .text.LCD_GetVXSizeEx
                0x000000000800ae8c        0x6 ../GUI/Lib\libSTemWin.a(LCD_GetEx.o)
                0x000000000800ae8c                LCD_GetVXSizeEx
 .text.LCD_GetVYSizeEx
                0x000000000800ae92        0x6 ../GUI/Lib\libSTemWin.a(LCD_GetEx.o)
                0x000000000800ae92                LCD_GetVYSizeEx
 .text.LCD_GetBitsPerPixelEx
                0x000000000800ae98        0x6 ../GUI/Lib\libSTemWin.a(LCD_GetEx.o)
                0x000000000800ae98                LCD_GetBitsPerPixelEx
 .text.LCD_GetNumColorsEx
                0x000000000800ae9e        0x6 ../GUI/Lib\libSTemWin.a(LCD_GetEx.o)
                0x000000000800ae9e                LCD_GetNumColorsEx
 .text.LCD_GetXSize
                0x000000000800aea4       0x10 ../GUI/Lib\libSTemWin.a(LCD_GetEx.o)
                0x000000000800aea4                LCD_GetXSize
 .text.LCD_GetYSize
                0x000000000800aeb4       0x10 ../GUI/Lib\libSTemWin.a(LCD_GetEx.o)
                0x000000000800aeb4                LCD_GetYSize
 .text.LCD_GetNumColors
                0x000000000800aec4       0x10 ../GUI/Lib\libSTemWin.a(LCD_GetEx.o)
                0x000000000800aec4                LCD_GetNumColors
 .text.GUI_GetBitsPerPixelEx
                0x000000000800aed4       0x18 ../GUI/Lib\libSTemWin.a(LCD_GetEx.o)
                0x000000000800aed4                GUI_GetBitsPerPixelEx
 .text.LCD_GetPaletteEx
                0x000000000800aeec       0x14 ../GUI/Lib\libSTemWin.a(LCD_GetEx.o)
                0x000000000800aeec                LCD_GetPaletteEx
 .text.LCD_GetPalette
                0x000000000800af00       0x10 ../GUI/Lib\libSTemWin.a(LCD_GetEx.o)
                0x000000000800af00                LCD_GetPalette
 .text.GUI_GetpfIndex2ColorEx
                0x000000000800af10       0x10 ../GUI/Lib\libSTemWin.a(LCD_GetEx.o)
                0x000000000800af10                GUI_GetpfIndex2ColorEx
 .text.LCD_GetpfColor2IndexEx
                0x000000000800af20        0xe ../GUI/Lib\libSTemWin.a(LCD_GetEx.o)
                0x000000000800af20                LCD_GetpfColor2IndexEx
 *fill*         0x000000000800af2e        0x2 
 .text.GUI_GetpfColor2IndexEx
                0x000000000800af30       0x10 ../GUI/Lib\libSTemWin.a(LCD_GetEx.o)
                0x000000000800af30                GUI_GetpfColor2IndexEx
 .text.LCD_GetXSizeMax
                0x000000000800af40        0x6 ../GUI/Lib\libSTemWin.a(LCD_GetEx.o)
                0x000000000800af40                LCD_GetXSizeMax
 .text.LCD_GetYSizeMax
                0x000000000800af46        0x6 ../GUI/Lib\libSTemWin.a(LCD_GetEx.o)
                0x000000000800af46                LCD_GetYSizeMax
 .text.LCD_GetVXSizeMax
                0x000000000800af4c        0x6 ../GUI/Lib\libSTemWin.a(LCD_GetEx.o)
                0x000000000800af4c                LCD_GetVXSizeMax
 *fill*         0x000000000800af52        0x2 
 .text.LCD_SetDisplaySize
                0x000000000800af54       0x14 ../GUI/Lib\libSTemWin.a(LCD_GetEx.o)
                0x000000000800af54                LCD_SetDisplaySize
 .text.LCD_GetXSizeDisplay
                0x000000000800af68        0xc ../GUI/Lib\libSTemWin.a(LCD_GetEx.o)
                0x000000000800af68                LCD_GetXSizeDisplay
 .text.LCD_GetYSizeDisplay
                0x000000000800af74        0xc ../GUI/Lib\libSTemWin.a(LCD_GetEx.o)
                0x000000000800af74                LCD_GetYSizeDisplay
 .text.LCD__GetBPP
                0x000000000800af80       0x7e ../GUI/Lib\libSTemWin.a(LCD_GetEx.o)
                0x000000000800af80                LCD__GetBPP
 .text.LCD__GetBPPDevice
                0x000000000800affe       0x2c ../GUI/Lib\libSTemWin.a(LCD_GetEx.o)
                0x000000000800affe                LCD__GetBPPDevice
 *fill*         0x000000000800b02a        0x2 
 .text._SetDrawMode
                0x000000000800b02c       0x28 ../GUI/Lib\libSTemWin.a(LCD.o)
 .text.LCD_SetDrawMode
                0x000000000800b054       0x10 ../GUI/Lib\libSTemWin.a(LCD.o)
                0x000000000800b054                LCD_SetDrawMode
 .text.LCD_DrawPixel
                0x000000000800b064       0x5c ../GUI/Lib\libSTemWin.a(LCD.o)
                0x000000000800b064                LCD_DrawPixel
 .text.LCD_DrawHLine
                0x000000000800b0c0       0x4c ../GUI/Lib\libSTemWin.a(LCD.o)
                0x000000000800b0c0                LCD_DrawHLine
 .text.LCD_DrawVLine
                0x000000000800b10c       0x4c ../GUI/Lib\libSTemWin.a(LCD.o)
                0x000000000800b10c                LCD_DrawVLine
 .text.LCD_FillRect
                0x000000000800b158       0x58 ../GUI/Lib\libSTemWin.a(LCD.o)
                0x000000000800b158                LCD_FillRect
 .text.LCD__DrawBitmap_1bpp
                0x000000000800b1b0      0x1b8 ../GUI/Lib\libSTemWin.a(LCD.o)
                0x000000000800b1b0                LCD__DrawBitmap_1bpp
 .text.LCD_DrawBitmap
                0x000000000800b368      0x218 ../GUI/Lib\libSTemWin.a(LCD.o)
                0x000000000800b368                LCD_DrawBitmap
 .text.LCD_SetClipRectMax
                0x000000000800b580       0x20 ../GUI/Lib\libSTemWin.a(LCD.o)
                0x000000000800b580                LCD_SetClipRectMax
 .text.emWin_LCD_Init
                0x000000000800b5a0       0xa8 ../GUI/Lib\libSTemWin.a(LCD.o)
                0x000000000800b5a0                emWin_LCD_Init
 .text.LCD_Color2Index
                0x000000000800b648       0x20 ../GUI/Lib\libSTemWin.a(LCD.o)
                0x000000000800b648                LCD_Color2Index
 .text.LCD_Index2Color
                0x000000000800b668       0x20 ../GUI/Lib\libSTemWin.a(LCD.o)
                0x000000000800b668                LCD_Index2Color
 .text.LCD_SetColorIndex
                0x000000000800b688       0x18 ../GUI/Lib\libSTemWin.a(LCD.o)
                0x000000000800b688                LCD_SetColorIndex
 .text._SetColor
                0x000000000800b6a0       0x20 ../GUI/Lib\libSTemWin.a(LCD.o)
 .text.LCD_SetBkColorIndex
                0x000000000800b6c0       0x18 ../GUI/Lib\libSTemWin.a(LCD.o)
                0x000000000800b6c0                LCD_SetBkColorIndex
 .text._SetBkColor
                0x000000000800b6d8       0x20 ../GUI/Lib\libSTemWin.a(LCD.o)
 .text.LCD_SetBkColor
                0x000000000800b6f8       0x10 ../GUI/Lib\libSTemWin.a(LCD.o)
                0x000000000800b6f8                LCD_SetBkColor
 .text.LCD_SetColor
                0x000000000800b708       0x10 ../GUI/Lib\libSTemWin.a(LCD.o)
                0x000000000800b708                LCD_SetColor
 .text.GUI__HandleEOLine
                0x000000000800b718       0x28 ../GUI/Lib\libSTemWin.a(GUI__Private.o)
                0x000000000800b718                GUI__HandleEOLine
 .text.GUI__IntersectRect
                0x000000000800b740       0x3c ../GUI/Lib\libSTemWin.a(GUI__Private.o)
                0x000000000800b740                GUI__IntersectRect
 .text.GUI__IntersectRects
                0x000000000800b77c       0x64 ../GUI/Lib\libSTemWin.a(GUI__Private.o)
                0x000000000800b77c                GUI__IntersectRects
 .text.GUI__memset16
                0x000000000800b7e0       0x5c ../GUI/Lib\libSTemWin.a(GUI__Private.o)
                0x000000000800b7e0                GUI__memset16
 .text.GUI__Read16
                0x000000000800b83c       0x10 ../GUI/Lib\libSTemWin.a(GUI__Private.o)
                0x000000000800b83c                GUI__Read16
 .text.GUI__Read32
                0x000000000800b84c       0x1e ../GUI/Lib\libSTemWin.a(GUI__Private.o)
                0x000000000800b84c                GUI__Read32
 .text.GUI__ReduceRect
                0x000000000800b86a       0x1c ../GUI/Lib\libSTemWin.a(GUI__Private.o)
                0x000000000800b86a                GUI__ReduceRect
 .text.GUI__sqrt32
                0x000000000800b886       0x26 ../GUI/Lib\libSTemWin.a(GUI__Private.o)
                0x000000000800b886                GUI__sqrt32
 .text.GUI__strcmp
                0x000000000800b8ac       0x2c ../GUI/Lib\libSTemWin.a(GUI__Private.o)
                0x000000000800b8ac                GUI__strcmp
 .text.GUI__strcmp_hp
                0x000000000800b8d8       0x28 ../GUI/Lib\libSTemWin.a(GUI__Private.o)
                0x000000000800b8d8                GUI__strcmp_hp
 .text.GUI__strlen
                0x000000000800b900       0x12 ../GUI/Lib\libSTemWin.a(GUI__Private.o)
                0x000000000800b900                GUI__strlen
 *fill*         0x000000000800b912        0x2 
 .text.GUI__SetText
                0x000000000800b914       0x7c ../GUI/Lib\libSTemWin.a(GUI__Private.o)
                0x000000000800b914                GUI__SetText
 .text.GUI__ManageCacheEx
                0x000000000800b990       0xe8 ../GUI/Lib\libSTemWin.a(GUI__ManageCache.o)
                0x000000000800b990                GUI__ManageCacheEx
 .text.GUI__ManageCache
                0x000000000800ba78       0x10 ../GUI/Lib\libSTemWin.a(GUI__ManageCache.o)
                0x000000000800ba78                GUI__ManageCache
 .text.GUI__MixColors
                0x000000000800ba88       0x5a ../GUI/Lib\libSTemWin.a(GUI__Alpha.o)
                0x000000000800ba88                GUI__MixColors
 *fill*         0x000000000800bae2        0x2 
 .text._OnExit  0x000000000800bae4       0x40 ../GUI/Lib\libSTemWin.a(GUI__Alpha.o)
 .text.GUI__GetAlphaBuffer
                0x000000000800bb24       0xc8 ../GUI/Lib\libSTemWin.a(GUI__Alpha.o)
                0x000000000800bb24                GUI__GetAlphaBuffer
 .text.GUI__DoAlphaBlending
                0x000000000800bbec      0x1d4 ../GUI/Lib\libSTemWin.a(GUI__Alpha.o)
                0x000000000800bbec                GUI__DoAlphaBlending
 .text.GUI__AllocAlphaBuffer
                0x000000000800bdc0       0x1a ../GUI/Lib\libSTemWin.a(GUI__Alpha.o)
                0x000000000800bdc0                GUI__AllocAlphaBuffer
 *fill*         0x000000000800bdda        0x2 
 .text.GUI_SignalEvent
                0x000000000800bddc       0x10 ../GUI/Lib\libSTemWin.a(GUI_WaitEvent.o)
                0x000000000800bddc                GUI_SignalEvent
 .text.GUI_UC__GetCharCodeInc
                0x000000000800bdec       0x28 ../GUI/Lib\libSTemWin.a(GUI_UC.o)
                0x000000000800bdec                GUI_UC__GetCharCodeInc
 .text.GUI_UC__NumChars2NumBytes
                0x000000000800be14       0x24 ../GUI/Lib\libSTemWin.a(GUI_UC.o)
                0x000000000800be14                GUI_UC__NumChars2NumBytes
 .text._Unlink  0x000000000800be38       0x4c ../GUI/Lib\libSTemWin.a(GUI_Timer.o)
 .text.GUI_TIMER__GetFirstTimer
                0x000000000800be84       0x30 ../GUI/Lib\libSTemWin.a(GUI_Timer.o)
                0x000000000800be84                GUI_TIMER__GetFirstTimer
 .text.GUI_TIMER__GetNextTimerLin
                0x000000000800beb4       0x38 ../GUI/Lib\libSTemWin.a(GUI_Timer.o)
                0x000000000800beb4                GUI_TIMER__GetNextTimerLin
 .text.GUI_TIMER_Delete
                0x000000000800beec       0x68 ../GUI/Lib\libSTemWin.a(GUI_Timer.o)
                0x000000000800beec                GUI_TIMER_Delete
 .text.GUI_TIMER_GetFlag
                0x000000000800bf54       0x2a ../GUI/Lib\libSTemWin.a(GUI_Timer.o)
                0x000000000800bf54                GUI_TIMER_GetFlag
 *fill*         0x000000000800bf7e        0x2 
 .text.GUI__AlphaPreserveTrans
                0x000000000800bf80       0x24 ../GUI/Lib\libSTemWin.a(GUI_SetAlpha.o)
                0x000000000800bf80                GUI__AlphaPreserveTrans
 .text.GUI_SelectLayer
                0x000000000800bfa4       0x2c ../GUI/Lib\libSTemWin.a(GUI_SelectLayer.o)
                0x000000000800bfa4                GUI_SelectLayer
 .text.GUI_StoreKey
                0x000000000800bfd0       0x10 ../GUI/Lib\libSTemWin.a(GUI_OnKey.o)
                0x000000000800bfd0                GUI_StoreKey
 .text.GUI_PollKeyMsg
                0x000000000800bfe0       0x38 ../GUI/Lib\libSTemWin.a(GUI_OnKey.o)
                0x000000000800bfe0                GUI_PollKeyMsg
 .text.GUI__DispStringInRect
                0x000000000800c018      0x14c ../GUI/Lib\libSTemWin.a(GUI_DispString.o)
                0x000000000800c018                GUI__DispStringInRect
 .text.GUI_DispStringInRectMax
                0x000000000800c164       0x46 ../GUI/Lib\libSTemWin.a(GUI_DispString.o)
                0x000000000800c164                GUI_DispStringInRectMax
 .text.GUI_DispStringInRect
                0x000000000800c1aa        0x8 ../GUI/Lib\libSTemWin.a(GUI_DispString.o)
                0x000000000800c1aa                GUI_DispStringInRect
 .text.GUI_WrapGetNumLines
                0x000000000800c1b2       0x20 ../GUI/Lib\libSTemWin.a(GUI_DispString.o)
                0x000000000800c1b2                GUI_WrapGetNumLines
 .text.GUI_DispStringInRectWrap
                0x000000000800c1d2      0x13e ../GUI/Lib\libSTemWin.a(GUI_DispString.o)
                0x000000000800c1d2                GUI_DispStringInRectWrap
 .text.GUI_DEVICE__GetpDriver
                0x000000000800c310       0x20 ../GUI/Lib\libSTemWin.a(GUI_Device.o)
                0x000000000800c310                GUI_DEVICE__GetpDriver
 .text.GUI_DEVICE_Delete
                0x000000000800c330        0x4 ../GUI/Lib\libSTemWin.a(GUI_Device.o)
                0x000000000800c330                GUI_DEVICE_Delete
 .text.GUI_DEVICE_Create
                0x000000000800c334       0x4c ../GUI/Lib\libSTemWin.a(GUI_Device.o)
                0x000000000800c334                GUI_DEVICE_Create
 .text.GUI_DEVICE_Unlink
                0x000000000800c380       0x34 ../GUI/Lib\libSTemWin.a(GUI_Device.o)
                0x000000000800c380                GUI_DEVICE_Unlink
 .text.GUI_DEVICE_Link
                0x000000000800c3b4       0x84 ../GUI/Lib\libSTemWin.a(GUI_Device.o)
                0x000000000800c3b4                GUI_DEVICE_Link
 .text.GUI_DEVICE_CreateAndLink
                0x000000000800c438       0x28 ../GUI/Lib\libSTemWin.a(GUI_Device.o)
                0x000000000800c438                GUI_DEVICE_CreateAndLink
 .text._OnExit  0x000000000800c460       0x4c ../GUI/Lib\libSTemWin.a(GUI_Core.o)
 .text._InitContext
                0x000000000800c4ac       0x88 ../GUI/Lib\libSTemWin.a(GUI_Core.o)
 .text.GUI_SetDefaultFont
                0x000000000800c534        0xc ../GUI/Lib\libSTemWin.a(GUI_Core.o)
                0x000000000800c534                GUI_SetDefaultFont
 .text.GUI_ClearRect
                0x000000000800c540       0x64 ../GUI/Lib\libSTemWin.a(GUI_Core.o)
                0x000000000800c540                GUI_ClearRect
 .text.GUI_Clear
                0x000000000800c5a4       0x20 ../GUI/Lib\libSTemWin.a(GUI_Core.o)
                0x000000000800c5a4                GUI_Clear
 .text.GUI__RegisterExit
                0x000000000800c5c4       0x24 ../GUI/Lib\libSTemWin.a(GUI_Core.o)
                0x000000000800c5c4                GUI__RegisterExit
 .text.GUI__Config
                0x000000000800c5e8       0x30 ../GUI/Lib\libSTemWin.a(GUI_Core.o)
                0x000000000800c5e8                GUI__Config
 .text.GUI_Init
                0x000000000800c618       0xc4 ../GUI/Lib\libSTemWin.a(GUI_Core.o)
                0x000000000800c618                GUI_Init
 .text.GUI_CalcColorDist
                0x000000000800c6dc       0x50 ../GUI/Lib\libSTemWin.a(GUI_Common.o)
                0x000000000800c6dc                GUI_CalcColorDist
 .text.GUI_GetClientRect
                0x000000000800c72c        0x8 ../GUI/Lib\libSTemWin.a(GUI_Common.o)
                0x000000000800c72c                GUI_GetClientRect
 .text.GUI_GetBkColor
                0x000000000800c734        0xe ../GUI/Lib\libSTemWin.a(GUI_Common.o)
                0x000000000800c734                GUI_GetBkColor
 .text.GUI_GetColor
                0x000000000800c742        0xe ../GUI/Lib\libSTemWin.a(GUI_Common.o)
                0x000000000800c742                GUI_GetColor
 .text.GUI_GetOrg
                0x000000000800c750       0x1c ../GUI/Lib\libSTemWin.a(GUI_Common.o)
                0x000000000800c750                GUI_GetOrg
 .text.GUI_GetYSizeOfFont
                0x000000000800c76c        0x8 ../GUI/Lib\libSTemWin.a(GUI_Common.o)
                0x000000000800c76c                GUI_GetYSizeOfFont
 .text.GUI_MergeRect
                0x000000000800c774       0x56 ../GUI/Lib\libSTemWin.a(GUI_Common.o)
                0x000000000800c774                GUI_MergeRect
 .text.GUI_MoveRect
                0x000000000800c7ca       0x20 ../GUI/Lib\libSTemWin.a(GUI_Common.o)
                0x000000000800c7ca                GUI_MoveRect
 *fill*         0x000000000800c7ea        0x2 
 .text.GUI_Exec1
                0x000000000800c7ec       0x40 ../GUI/Lib\libSTemWin.a(GUI_Common.o)
                0x000000000800c7ec                GUI_Exec1
 .text.GUI_Exec
                0x000000000800c82c       0x12 ../GUI/Lib\libSTemWin.a(GUI_Common.o)
                0x000000000800c82c                GUI_Exec
 *fill*         0x000000000800c83e        0x2 
 .text.GUI_GotoXY
                0x000000000800c840       0x10 ../GUI/Lib\libSTemWin.a(GUI_Common.o)
                0x000000000800c840                GUI_GotoXY
 .text.GUI_SetPenSize
                0x000000000800c850       0x10 ../GUI/Lib\libSTemWin.a(GUI_Common.o)
                0x000000000800c850                GUI_SetPenSize
 .text.GUI_RectsIntersect
                0x000000000800c860       0x3a ../GUI/Lib\libSTemWin.a(GUI_Common.o)
                0x000000000800c860                GUI_RectsIntersect
 *fill*         0x000000000800c89a        0x2 
 .text.GUI_SaveContext_W
                0x000000000800c89c       0x14 ../GUI/Lib\libSTemWin.a(GUI_Common.o)
                0x000000000800c89c                GUI_SaveContext_W
 .text.GUI_RestoreContext
                0x000000000800c8b0       0x14 ../GUI/Lib\libSTemWin.a(GUI_Common.o)
                0x000000000800c8b0                GUI_RestoreContext
 .text.GUI_SelectLCD
                0x000000000800c8c4       0x12 ../GUI/Lib\libSTemWin.a(GUI_Common.o)
                0x000000000800c8c4                GUI_SelectLCD
 .text.GUI_SetBkColor
                0x000000000800c8d6        0x4 ../GUI/Lib\libSTemWin.a(GUI_Common.o)
                0x000000000800c8d6                GUI_SetBkColor
 .text.GUI_SetColor
                0x000000000800c8da        0x4 ../GUI/Lib\libSTemWin.a(GUI_Common.o)
                0x000000000800c8da                GUI_SetColor
 .text.GUI_SetDrawMode
                0x000000000800c8de        0x4 ../GUI/Lib\libSTemWin.a(GUI_Common.o)
                0x000000000800c8de                GUI_SetDrawMode
 *fill*         0x000000000800c8e2        0x2 
 .text.GUI_SetFont
                0x000000000800c8e4       0x14 ../GUI/Lib\libSTemWin.a(GUI_Common.o)
                0x000000000800c8e4                GUI_SetFont
 .text.GUI_SetLineStyle
                0x000000000800c8f8       0x10 ../GUI/Lib\libSTemWin.a(GUI_Common.o)
                0x000000000800c8f8                GUI_SetLineStyle
 .text.GUI_SetOrg
                0x000000000800c908       0x34 ../GUI/Lib\libSTemWin.a(GUI_Common.o)
                0x000000000800c908                GUI_SetOrg
 .text.GUI_SetTextAlign
                0x000000000800c93c       0x14 ../GUI/Lib\libSTemWin.a(GUI_Common.o)
                0x000000000800c93c                GUI_SetTextAlign
 .text.GUI_SetTextMode
                0x000000000800c950       0x14 ../GUI/Lib\libSTemWin.a(GUI_Common.o)
                0x000000000800c950                GUI_SetTextMode
 .text.GL_SetDefault
                0x000000000800c964       0x48 ../GUI/Lib\libSTemWin.a(GUI_Common.o)
                0x000000000800c964                GL_SetDefault
 .text.GUIPROP__FindChar
                0x000000000800c9ac       0x14 ../GUI/Lib\libSTemWin.a(GUI_CharP.o)
                0x000000000800c9ac                GUIPROP__FindChar
 .text.GUIPROP_DispChar
                0x000000000800c9c0       0xec ../GUI/Lib\libSTemWin.a(GUI_CharP.o)
                0x000000000800c9c0                GUIPROP_DispChar
 .text.GUIPROP_GetCharDistX
                0x000000000800caac       0x3c ../GUI/Lib\libSTemWin.a(GUI_CharP.o)
                0x000000000800caac                GUIPROP_GetCharDistX
 .text.GUIPROP_GetFontInfo
                0x000000000800cae8        0x6 ../GUI/Lib\libSTemWin.a(GUI_CharP.o)
                0x000000000800cae8                GUIPROP_GetFontInfo
 .text.GUIPROP_IsInFont
                0x000000000800caee       0x10 ../GUI/Lib\libSTemWin.a(GUI_CharP.o)
                0x000000000800caee                GUIPROP_IsInFont
 *fill*         0x000000000800cafe        0x2 
 .text.GUIMONO_DispChar
                0x000000000800cb00      0x150 ../GUI/Lib\libSTemWin.a(GUI_CharM.o)
                0x000000000800cb00                GUIMONO_DispChar
 .text.GUIMONO_GetCharDistX
                0x000000000800cc50       0x18 ../GUI/Lib\libSTemWin.a(GUI_CharM.o)
                0x000000000800cc50                GUIMONO_GetCharDistX
 .text.GUIMONO_GetFontInfo
                0x000000000800cc68        0x6 ../GUI/Lib\libSTemWin.a(GUI_CharM.o)
                0x000000000800cc68                GUIMONO_GetFontInfo
 .text.GUIMONO_IsInFont
                0x000000000800cc6e       0x36 ../GUI/Lib\libSTemWin.a(GUI_CharM.o)
                0x000000000800cc6e                GUIMONO_IsInFont
 .text._Log2VisBuffered
                0x000000000800cca4        0x2 ../GUI/Lib\libSTemWin.a(GUI_CharLine.o)
 *fill*         0x000000000800cca6        0x2 
 .text._DispLine
                0x000000000800cca8       0x9c ../GUI/Lib\libSTemWin.a(GUI_CharLine.o)
 .text.GUI__GetLineNumChars
                0x000000000800cd44       0x3c ../GUI/Lib\libSTemWin.a(GUI_CharLine.o)
                0x000000000800cd44                GUI__GetLineNumChars
 .text.GUI__GetOverlap
                0x000000000800cd80       0x1e ../GUI/Lib\libSTemWin.a(GUI_CharLine.o)
                0x000000000800cd80                GUI__GetOverlap
 *fill*         0x000000000800cd9e        0x2 
 .text.GUI__GetLineDistX
                0x000000000800cda0       0x60 ../GUI/Lib\libSTemWin.a(GUI_CharLine.o)
                0x000000000800cda0                GUI__GetLineDistX
 .text.GUI__DispLine
                0x000000000800ce00       0xa8 ../GUI/Lib\libSTemWin.a(GUI_CharLine.o)
                0x000000000800ce00                GUI__DispLine
 .text.GUI_GetFontDistY
                0x000000000800cea8       0x10 ../GUI/Lib\libSTemWin.a(GUI_Char.o)
                0x000000000800cea8                GUI_GetFontDistY
 .text.GUI_GetCharDistX
                0x000000000800ceb8       0x14 ../GUI/Lib\libSTemWin.a(GUI_Char.o)
                0x000000000800ceb8                GUI_GetCharDistX
 .text.GUI_GetCharDistXEx
                0x000000000800cecc       0x14 ../GUI/Lib\libSTemWin.a(GUI_Char.o)
                0x000000000800cecc                GUI_GetCharDistXEx
 .text._GetClipParam
                0x000000000800cee0       0xd4 ../GUI/Lib\libSTemWin.a(GUI_BMP.o)
 .text._GetBitfieldsPara
                0x000000000800cfb4       0x22 ../GUI/Lib\libSTemWin.a(GUI_BMP.o)
 .text._DrawLine_RGB
                0x000000000800cfd6       0x7a ../GUI/Lib\libSTemWin.a(GUI_BMP.o)
 .text._NextPixel_FlushBuffer
                0x000000000800d050       0x48 ../GUI/Lib\libSTemWin.a(GUI_BMP.o)
 .text._NextPixel_NextLine
                0x000000000800d098       0x20 ../GUI/Lib\libSTemWin.a(GUI_BMP.o)
 .text._NextPixel_SetPixel
                0x000000000800d0b8       0xd4 ../GUI/Lib\libSTemWin.a(GUI_BMP.o)
 .text._NextPixel_End
                0x000000000800d18c       0x28 ../GUI/Lib\libSTemWin.a(GUI_BMP.o)
 .text._NextPixel_Start
                0x000000000800d1b4       0x8c ../GUI/Lib\libSTemWin.a(GUI_BMP.o)
 .text._GetEarlyOut.isra.0
                0x000000000800d240       0xac ../GUI/Lib\libSTemWin.a(GUI_BMP.o)
 .text.GUI_BMP__ReadData
                0x000000000800d2ec       0x2a ../GUI/Lib\libSTemWin.a(GUI_BMP.o)
                0x000000000800d2ec                GUI_BMP__ReadData
 *fill*         0x000000000800d316        0x2 
 .text.GUI_BMP__ReadPalette
                0x000000000800d318       0x4c ../GUI/Lib\libSTemWin.a(GUI_BMP.o)